/dss/dsshome1/07/di54rur/.conda/mamba/envs/lae/lib/python3.8/site-packages/mmengine/utils/dl_utils/setup_env.py:56: UserWarning: Setting MKL_NUM_THREADS environment variable for each process to be 1 in default, to avoid your system being overloaded, please further tune the variable for optimal performance in your application as needed.
  warnings.warn(
/dss/dsshome1/07/di54rur/.conda/mamba/envs/lae/lib/python3.8/site-packages/mmengine/utils/dl_utils/setup_env.py:56: UserWarning: Setting MKL_NUM_THREADS environment variable for each process to be 1 in default, to avoid your system being overloaded, please further tune the variable for optimal performance in your application as needed.
  warnings.warn(
/dss/dsshome1/07/di54rur/.conda/mamba/envs/lae/lib/python3.8/site-packages/mmengine/utils/dl_utils/setup_env.py:56: UserWarning: Setting MKL_NUM_THREADS environment variable for each process to be 1 in default, to avoid your system being overloaded, please further tune the variable for optimal performance in your application as needed.
  warnings.warn(
/dss/dsshome1/07/di54rur/.conda/mamba/envs/lae/lib/python3.8/site-packages/mmengine/utils/dl_utils/setup_env.py:56: UserWarning: Setting MKL_NUM_THREADS environment variable for each process to be 1 in default, to avoid your system being overloaded, please further tune the variable for optimal performance in your application as needed.
  warnings.warn(
/dss/dsshome1/07/di54rur/kim_he/e2e-onboard-ai/OVD-Onboard/LAE-DINO_Reprod/mmdetection_lae/mmdet/models/detectors/lae_dino.py:545: UserWarning: To copy construct from a tensor, it is recommended to use sourceTensor.clone().detach() or sourceTensor.clone().detach().requires_grad_(True), rather than torch.tensor(sourceTensor).
  gt_labels.append(torch.tensor(new_gt_label).to(gt_label.device))
/dss/dsshome1/07/di54rur/kim_he/e2e-onboard-ai/OVD-Onboard/LAE-DINO_Reprod/mmdetection_lae/mmdet/models/detectors/lae_dino.py:545: UserWarning: To copy construct from a tensor, it is recommended to use sourceTensor.clone().detach() or sourceTensor.clone().detach().requires_grad_(True), rather than torch.tensor(sourceTensor).
  gt_labels.append(torch.tensor(new_gt_label).to(gt_label.device))
/dss/dsshome1/07/di54rur/kim_he/e2e-onboard-ai/OVD-Onboard/LAE-DINO_Reprod/mmdetection_lae/mmdet/models/detectors/lae_dino.py:545: UserWarning: To copy construct from a tensor, it is recommended to use sourceTensor.clone().detach() or sourceTensor.clone().detach().requires_grad_(True), rather than torch.tensor(sourceTensor).
  gt_labels.append(torch.tensor(new_gt_label).to(gt_label.device))
/dss/dsshome1/07/di54rur/kim_he/e2e-onboard-ai/OVD-Onboard/LAE-DINO_Reprod/mmdetection_lae/mmdet/models/detectors/lae_dino.py:545: UserWarning: To copy construct from a tensor, it is recommended to use sourceTensor.clone().detach() or sourceTensor.clone().detach().requires_grad_(True), rather than torch.tensor(sourceTensor).
  gt_labels.append(torch.tensor(new_gt_label).to(gt_label.device))
/dss/dsshome1/07/di54rur/kim_he/e2e-onboard-ai/OVD-Onboard/LAE-DINO_Reprod/mmdetection_lae/mmdet/models/layers/positional_encoding.py:103: UserWarning: __floordiv__ is deprecated, and its behavior will change in a future version of pytorch. It currently rounds toward 0 (like the 'trunc' function NOT 'floor'). This results in incorrect rounding for negative values. To keep the current behavior, use torch.div(a, b, rounding_mode='trunc'), or for actual floor division, use torch.div(a, b, rounding_mode='floor').
  dim_t = self.temperature**(2 * (dim_t // 2) / self.num_feats)
/dss/dsshome1/07/di54rur/kim_he/e2e-onboard-ai/OVD-Onboard/LAE-DINO_Reprod/mmdetection_lae/mmdet/models/layers/positional_encoding.py:103: UserWarning: __floordiv__ is deprecated, and its behavior will change in a future version of pytorch. It currently rounds toward 0 (like the 'trunc' function NOT 'floor'). This results in incorrect rounding for negative values. To keep the current behavior, use torch.div(a, b, rounding_mode='trunc'), or for actual floor division, use torch.div(a, b, rounding_mode='floor').
  dim_t = self.temperature**(2 * (dim_t // 2) / self.num_feats)
/dss/dsshome1/07/di54rur/kim_he/e2e-onboard-ai/OVD-Onboard/LAE-DINO_Reprod/mmdetection_lae/mmdet/models/layers/positional_encoding.py:103: UserWarning: __floordiv__ is deprecated, and its behavior will change in a future version of pytorch. It currently rounds toward 0 (like the 'trunc' function NOT 'floor'). This results in incorrect rounding for negative values. To keep the current behavior, use torch.div(a, b, rounding_mode='trunc'), or for actual floor division, use torch.div(a, b, rounding_mode='floor').
  dim_t = self.temperature**(2 * (dim_t // 2) / self.num_feats)
/dss/dsshome1/07/di54rur/.conda/mamba/envs/lae/lib/python3.8/site-packages/torch/functional.py:445: UserWarning: torch.meshgrid: in an upcoming release, it will be required to pass the indexing argument. (Triggered internally at  ../aten/src/ATen/native/TensorShape.cpp:2157.)
  return _VF.meshgrid(tensors, **kwargs)  # type: ignore[attr-defined]
/dss/dsshome1/07/di54rur/.conda/mamba/envs/lae/lib/python3.8/site-packages/torch/functional.py:445: UserWarning: torch.meshgrid: in an upcoming release, it will be required to pass the indexing argument. (Triggered internally at  ../aten/src/ATen/native/TensorShape.cpp:2157.)
  return _VF.meshgrid(tensors, **kwargs)  # type: ignore[attr-defined]
/dss/dsshome1/07/di54rur/kim_he/e2e-onboard-ai/OVD-Onboard/LAE-DINO_Reprod/mmdetection_lae/mmdet/models/layers/positional_encoding.py:103: UserWarning: __floordiv__ is deprecated, and its behavior will change in a future version of pytorch. It currently rounds toward 0 (like the 'trunc' function NOT 'floor'). This results in incorrect rounding for negative values. To keep the current behavior, use torch.div(a, b, rounding_mode='trunc'), or for actual floor division, use torch.div(a, b, rounding_mode='floor').
  dim_t = self.temperature**(2 * (dim_t // 2) / self.num_feats)
/dss/dsshome1/07/di54rur/.conda/mamba/envs/lae/lib/python3.8/site-packages/torch/functional.py:445: UserWarning: torch.meshgrid: in an upcoming release, it will be required to pass the indexing argument. (Triggered internally at  ../aten/src/ATen/native/TensorShape.cpp:2157.)
  return _VF.meshgrid(tensors, **kwargs)  # type: ignore[attr-defined]
/dss/dsshome1/07/di54rur/.conda/mamba/envs/lae/lib/python3.8/site-packages/torch/functional.py:445: UserWarning: torch.meshgrid: in an upcoming release, it will be required to pass the indexing argument. (Triggered internally at  ../aten/src/ATen/native/TensorShape.cpp:2157.)
  return _VF.meshgrid(tensors, **kwargs)  # type: ignore[attr-defined]
/dss/dsshome1/07/di54rur/kim_he/e2e-onboard-ai/OVD-Onboard/LAE-DINO_Reprod/mmdetection_lae/mmdet/models/layers/transformer/utils.py:71: UserWarning: __floordiv__ is deprecated, and its behavior will change in a future version of pytorch. It currently rounds toward 0 (like the 'trunc' function NOT 'floor'). This results in incorrect rounding for negative values. To keep the current behavior, use torch.div(a, b, rounding_mode='trunc'), or for actual floor division, use torch.div(a, b, rounding_mode='floor').
  dim_t = temperature**(2 * (dim_t // 2) / num_feats)
/dss/dsshome1/07/di54rur/.conda/mamba/envs/lae/lib/python3.8/site-packages/mmcv/cnn/bricks/transformer.py:524: UserWarning: position encoding of key ismissing in MultiheadAttention.
  warnings.warn(f'position encoding of key is'
/dss/dsshome1/07/di54rur/kim_he/e2e-onboard-ai/OVD-Onboard/LAE-DINO_Reprod/mmdetection_lae/mmdet/models/layers/transformer/utils.py:71: UserWarning: __floordiv__ is deprecated, and its behavior will change in a future version of pytorch. It currently rounds toward 0 (like the 'trunc' function NOT 'floor'). This results in incorrect rounding for negative values. To keep the current behavior, use torch.div(a, b, rounding_mode='trunc'), or for actual floor division, use torch.div(a, b, rounding_mode='floor').
  dim_t = temperature**(2 * (dim_t // 2) / num_feats)
/dss/dsshome1/07/di54rur/.conda/mamba/envs/lae/lib/python3.8/site-packages/mmcv/cnn/bricks/transformer.py:524: UserWarning: position encoding of key ismissing in MultiheadAttention.
  warnings.warn(f'position encoding of key is'
/dss/dsshome1/07/di54rur/kim_he/e2e-onboard-ai/OVD-Onboard/LAE-DINO_Reprod/mmdetection_lae/mmdet/models/layers/transformer/utils.py:71: UserWarning: __floordiv__ is deprecated, and its behavior will change in a future version of pytorch. It currently rounds toward 0 (like the 'trunc' function NOT 'floor'). This results in incorrect rounding for negative values. To keep the current behavior, use torch.div(a, b, rounding_mode='trunc'), or for actual floor division, use torch.div(a, b, rounding_mode='floor').
  dim_t = temperature**(2 * (dim_t // 2) / num_feats)
/dss/dsshome1/07/di54rur/.conda/mamba/envs/lae/lib/python3.8/site-packages/mmcv/cnn/bricks/transformer.py:524: UserWarning: position encoding of key ismissing in MultiheadAttention.
  warnings.warn(f'position encoding of key is'
/dss/dsshome1/07/di54rur/kim_he/e2e-onboard-ai/OVD-Onboard/LAE-DINO_Reprod/mmdetection_lae/mmdet/models/layers/transformer/utils.py:71: UserWarning: __floordiv__ is deprecated, and its behavior will change in a future version of pytorch. It currently rounds toward 0 (like the 'trunc' function NOT 'floor'). This results in incorrect rounding for negative values. To keep the current behavior, use torch.div(a, b, rounding_mode='trunc'), or for actual floor division, use torch.div(a, b, rounding_mode='floor').
  dim_t = temperature**(2 * (dim_t // 2) / num_feats)
/dss/dsshome1/07/di54rur/.conda/mamba/envs/lae/lib/python3.8/site-packages/mmcv/cnn/bricks/transformer.py:524: UserWarning: position encoding of key ismissing in MultiheadAttention.
  warnings.warn(f'position encoding of key is'
/dss/dsshome1/07/di54rur/kim_he/e2e-onboard-ai/OVD-Onboard/LAE-DINO_Reprod/mmdetection_lae/mmdet/models/dense_heads/lae_dino_head.py:428: UserWarning: __floordiv__ is deprecated, and its behavior will change in a future version of pytorch. It currently rounds toward 0 (like the 'trunc' function NOT 'floor'). This results in incorrect rounding for negative values. To keep the current behavior, use torch.div(a, b, rounding_mode='trunc'), or for actual floor division, use torch.div(a, b, rounding_mode='floor').
  bbox_index = indexes // num_classes
/dss/dsshome1/07/di54rur/kim_he/e2e-onboard-ai/OVD-Onboard/LAE-DINO_Reprod/mmdetection_lae/mmdet/models/dense_heads/lae_dino_head.py:428: UserWarning: __floordiv__ is deprecated, and its behavior will change in a future version of pytorch. It currently rounds toward 0 (like the 'trunc' function NOT 'floor'). This results in incorrect rounding for negative values. To keep the current behavior, use torch.div(a, b, rounding_mode='trunc'), or for actual floor division, use torch.div(a, b, rounding_mode='floor').
  bbox_index = indexes // num_classes
/dss/dsshome1/07/di54rur/kim_he/e2e-onboard-ai/OVD-Onboard/LAE-DINO_Reprod/mmdetection_lae/mmdet/models/dense_heads/lae_dino_head.py:428: UserWarning: __floordiv__ is deprecated, and its behavior will change in a future version of pytorch. It currently rounds toward 0 (like the 'trunc' function NOT 'floor'). This results in incorrect rounding for negative values. To keep the current behavior, use torch.div(a, b, rounding_mode='trunc'), or for actual floor division, use torch.div(a, b, rounding_mode='floor').
  bbox_index = indexes // num_classes
/dss/dsshome1/07/di54rur/kim_he/e2e-onboard-ai/OVD-Onboard/LAE-DINO_Reprod/mmdetection_lae/mmdet/models/layers/positional_encoding.py:103: UserWarning: __floordiv__ is deprecated, and its behavior will change in a future version of pytorch. It currently rounds toward 0 (like the 'trunc' function NOT 'floor'). This results in incorrect rounding for negative values. To keep the current behavior, use torch.div(a, b, rounding_mode='trunc'), or for actual floor division, use torch.div(a, b, rounding_mode='floor').
  dim_t = self.temperature**(2 * (dim_t // 2) / self.num_feats)
/dss/dsshome1/07/di54rur/kim_he/e2e-onboard-ai/OVD-Onboard/LAE-DINO_Reprod/mmdetection_lae/mmdet/models/layers/transformer/utils.py:71: UserWarning: __floordiv__ is deprecated, and its behavior will change in a future version of pytorch. It currently rounds toward 0 (like the 'trunc' function NOT 'floor'). This results in incorrect rounding for negative values. To keep the current behavior, use torch.div(a, b, rounding_mode='trunc'), or for actual floor division, use torch.div(a, b, rounding_mode='floor').
  dim_t = temperature**(2 * (dim_t // 2) / num_feats)
/dss/dsshome1/07/di54rur/.conda/mamba/envs/lae/lib/python3.8/site-packages/mmcv/cnn/bricks/transformer.py:524: UserWarning: position encoding of key ismissing in MultiheadAttention.
  warnings.warn(f'position encoding of key is'
/dss/dsshome1/07/di54rur/kim_he/e2e-onboard-ai/OVD-Onboard/LAE-DINO_Reprod/mmdetection_lae/mmdet/models/dense_heads/lae_dino_head.py:428: UserWarning: __floordiv__ is deprecated, and its behavior will change in a future version of pytorch. It currently rounds toward 0 (like the 'trunc' function NOT 'floor'). This results in incorrect rounding for negative values. To keep the current behavior, use torch.div(a, b, rounding_mode='trunc'), or for actual floor division, use torch.div(a, b, rounding_mode='floor').
  bbox_index = indexes // num_classes
/dss/dsshome1/07/di54rur/kim_he/e2e-onboard-ai/OVD-Onboard/LAE-DINO_Reprod/mmdetection_lae/mmdet/models/detectors/lae_dino.py:545: UserWarning: To copy construct from a tensor, it is recommended to use sourceTensor.clone().detach() or sourceTensor.clone().detach().requires_grad_(True), rather than torch.tensor(sourceTensor).
  gt_labels.append(torch.tensor(new_gt_label).to(gt_label.device))
/dss/dsshome1/07/di54rur/kim_he/e2e-onboard-ai/OVD-Onboard/LAE-DINO_Reprod/mmdetection_lae/mmdet/models/layers/positional_encoding.py:103: UserWarning: __floordiv__ is deprecated, and its behavior will change in a future version of pytorch. It currently rounds toward 0 (like the 'trunc' function NOT 'floor'). This results in incorrect rounding for negative values. To keep the current behavior, use torch.div(a, b, rounding_mode='trunc'), or for actual floor division, use torch.div(a, b, rounding_mode='floor').
  dim_t = self.temperature**(2 * (dim_t // 2) / self.num_feats)
/dss/dsshome1/07/di54rur/kim_he/e2e-onboard-ai/OVD-Onboard/LAE-DINO_Reprod/mmdetection_lae/mmdet/models/layers/transformer/utils.py:71: UserWarning: __floordiv__ is deprecated, and its behavior will change in a future version of pytorch. It currently rounds toward 0 (like the 'trunc' function NOT 'floor'). This results in incorrect rounding for negative values. To keep the current behavior, use torch.div(a, b, rounding_mode='trunc'), or for actual floor division, use torch.div(a, b, rounding_mode='floor').
  dim_t = temperature**(2 * (dim_t // 2) / num_feats)
/dss/dsshome1/07/di54rur/.conda/mamba/envs/lae/lib/python3.8/site-packages/mmcv/cnn/bricks/transformer.py:524: UserWarning: position encoding of key ismissing in MultiheadAttention.
  warnings.warn(f'position encoding of key is'
/dss/dsshome1/07/di54rur/kim_he/e2e-onboard-ai/OVD-Onboard/LAE-DINO_Reprod/mmdetection_lae/mmdet/models/dense_heads/lae_dino_head.py:428: UserWarning: __floordiv__ is deprecated, and its behavior will change in a future version of pytorch. It currently rounds toward 0 (like the 'trunc' function NOT 'floor'). This results in incorrect rounding for negative values. To keep the current behavior, use torch.div(a, b, rounding_mode='trunc'), or for actual floor division, use torch.div(a, b, rounding_mode='floor').
  bbox_index = indexes // num_classes
/dss/dsshome1/07/di54rur/kim_he/e2e-onboard-ai/OVD-Onboard/LAE-DINO_Reprod/mmdetection_lae/mmdet/models/detectors/lae_dino.py:545: UserWarning: To copy construct from a tensor, it is recommended to use sourceTensor.clone().detach() or sourceTensor.clone().detach().requires_grad_(True), rather than torch.tensor(sourceTensor).
  gt_labels.append(torch.tensor(new_gt_label).to(gt_label.device))
/dss/dsshome1/07/di54rur/kim_he/e2e-onboard-ai/OVD-Onboard/LAE-DINO_Reprod/mmdetection_lae/mmdet/models/layers/positional_encoding.py:103: UserWarning: __floordiv__ is deprecated, and its behavior will change in a future version of pytorch. It currently rounds toward 0 (like the 'trunc' function NOT 'floor'). This results in incorrect rounding for negative values. To keep the current behavior, use torch.div(a, b, rounding_mode='trunc'), or for actual floor division, use torch.div(a, b, rounding_mode='floor').
  dim_t = self.temperature**(2 * (dim_t // 2) / self.num_feats)
/dss/dsshome1/07/di54rur/kim_he/e2e-onboard-ai/OVD-Onboard/LAE-DINO_Reprod/mmdetection_lae/mmdet/models/layers/transformer/utils.py:71: UserWarning: __floordiv__ is deprecated, and its behavior will change in a future version of pytorch. It currently rounds toward 0 (like the 'trunc' function NOT 'floor'). This results in incorrect rounding for negative values. To keep the current behavior, use torch.div(a, b, rounding_mode='trunc'), or for actual floor division, use torch.div(a, b, rounding_mode='floor').
  dim_t = temperature**(2 * (dim_t // 2) / num_feats)
/dss/dsshome1/07/di54rur/.conda/mamba/envs/lae/lib/python3.8/site-packages/mmcv/cnn/bricks/transformer.py:524: UserWarning: position encoding of key ismissing in MultiheadAttention.
  warnings.warn(f'position encoding of key is'
/dss/dsshome1/07/di54rur/kim_he/e2e-onboard-ai/OVD-Onboard/LAE-DINO_Reprod/mmdetection_lae/mmdet/models/dense_heads/lae_dino_head.py:428: UserWarning: __floordiv__ is deprecated, and its behavior will change in a future version of pytorch. It currently rounds toward 0 (like the 'trunc' function NOT 'floor'). This results in incorrect rounding for negative values. To keep the current behavior, use torch.div(a, b, rounding_mode='trunc'), or for actual floor division, use torch.div(a, b, rounding_mode='floor').
  bbox_index = indexes // num_classes
/dss/dsshome1/07/di54rur/kim_he/e2e-onboard-ai/OVD-Onboard/LAE-DINO_Reprod/mmdetection_lae/mmdet/models/detectors/lae_dino.py:545: UserWarning: To copy construct from a tensor, it is recommended to use sourceTensor.clone().detach() or sourceTensor.clone().detach().requires_grad_(True), rather than torch.tensor(sourceTensor).
  gt_labels.append(torch.tensor(new_gt_label).to(gt_label.device))
/dss/dsshome1/07/di54rur/kim_he/e2e-onboard-ai/OVD-Onboard/LAE-DINO_Reprod/mmdetection_lae/mmdet/models/layers/positional_encoding.py:103: UserWarning: __floordiv__ is deprecated, and its behavior will change in a future version of pytorch. It currently rounds toward 0 (like the 'trunc' function NOT 'floor'). This results in incorrect rounding for negative values. To keep the current behavior, use torch.div(a, b, rounding_mode='trunc'), or for actual floor division, use torch.div(a, b, rounding_mode='floor').
  dim_t = self.temperature**(2 * (dim_t // 2) / self.num_feats)
/dss/dsshome1/07/di54rur/kim_he/e2e-onboard-ai/OVD-Onboard/LAE-DINO_Reprod/mmdetection_lae/mmdet/models/layers/transformer/utils.py:71: UserWarning: __floordiv__ is deprecated, and its behavior will change in a future version of pytorch. It currently rounds toward 0 (like the 'trunc' function NOT 'floor'). This results in incorrect rounding for negative values. To keep the current behavior, use torch.div(a, b, rounding_mode='trunc'), or for actual floor division, use torch.div(a, b, rounding_mode='floor').
  dim_t = temperature**(2 * (dim_t // 2) / num_feats)
/dss/dsshome1/07/di54rur/.conda/mamba/envs/lae/lib/python3.8/site-packages/mmcv/cnn/bricks/transformer.py:524: UserWarning: position encoding of key ismissing in MultiheadAttention.
  warnings.warn(f'position encoding of key is'
/dss/dsshome1/07/di54rur/kim_he/e2e-onboard-ai/OVD-Onboard/LAE-DINO_Reprod/mmdetection_lae/mmdet/models/dense_heads/lae_dino_head.py:428: UserWarning: __floordiv__ is deprecated, and its behavior will change in a future version of pytorch. It currently rounds toward 0 (like the 'trunc' function NOT 'floor'). This results in incorrect rounding for negative values. To keep the current behavior, use torch.div(a, b, rounding_mode='trunc'), or for actual floor division, use torch.div(a, b, rounding_mode='floor').
  bbox_index = indexes // num_classes
/dss/dsshome1/07/di54rur/kim_he/e2e-onboard-ai/OVD-Onboard/LAE-DINO_Reprod/mmdetection_lae/mmdet/models/detectors/lae_dino.py:545: UserWarning: To copy construct from a tensor, it is recommended to use sourceTensor.clone().detach() or sourceTensor.clone().detach().requires_grad_(True), rather than torch.tensor(sourceTensor).
  gt_labels.append(torch.tensor(new_gt_label).to(gt_label.device))
/dss/dsshome1/07/di54rur/kim_he/e2e-onboard-ai/OVD-Onboard/LAE-DINO_Reprod/mmdetection_lae/mmdet/models/layers/positional_encoding.py:103: UserWarning: __floordiv__ is deprecated, and its behavior will change in a future version of pytorch. It currently rounds toward 0 (like the 'trunc' function NOT 'floor'). This results in incorrect rounding for negative values. To keep the current behavior, use torch.div(a, b, rounding_mode='trunc'), or for actual floor division, use torch.div(a, b, rounding_mode='floor').
  dim_t = self.temperature**(2 * (dim_t // 2) / self.num_feats)
/dss/dsshome1/07/di54rur/kim_he/e2e-onboard-ai/OVD-Onboard/LAE-DINO_Reprod/mmdetection_lae/mmdet/models/layers/transformer/utils.py:71: UserWarning: __floordiv__ is deprecated, and its behavior will change in a future version of pytorch. It currently rounds toward 0 (like the 'trunc' function NOT 'floor'). This results in incorrect rounding for negative values. To keep the current behavior, use torch.div(a, b, rounding_mode='trunc'), or for actual floor division, use torch.div(a, b, rounding_mode='floor').
  dim_t = temperature**(2 * (dim_t // 2) / num_feats)
/dss/dsshome1/07/di54rur/.conda/mamba/envs/lae/lib/python3.8/site-packages/mmcv/cnn/bricks/transformer.py:524: UserWarning: position encoding of key ismissing in MultiheadAttention.
  warnings.warn(f'position encoding of key is'
/dss/dsshome1/07/di54rur/kim_he/e2e-onboard-ai/OVD-Onboard/LAE-DINO_Reprod/mmdetection_lae/mmdet/models/dense_heads/lae_dino_head.py:428: UserWarning: __floordiv__ is deprecated, and its behavior will change in a future version of pytorch. It currently rounds toward 0 (like the 'trunc' function NOT 'floor'). This results in incorrect rounding for negative values. To keep the current behavior, use torch.div(a, b, rounding_mode='trunc'), or for actual floor division, use torch.div(a, b, rounding_mode='floor').
  bbox_index = indexes // num_classes
/dss/dsshome1/07/di54rur/kim_he/e2e-onboard-ai/OVD-Onboard/LAE-DINO_Reprod/mmdetection_lae/mmdet/models/detectors/lae_dino.py:545: UserWarning: To copy construct from a tensor, it is recommended to use sourceTensor.clone().detach() or sourceTensor.clone().detach().requires_grad_(True), rather than torch.tensor(sourceTensor).
  gt_labels.append(torch.tensor(new_gt_label).to(gt_label.device))
/dss/dsshome1/07/di54rur/kim_he/e2e-onboard-ai/OVD-Onboard/LAE-DINO_Reprod/mmdetection_lae/mmdet/models/layers/positional_encoding.py:103: UserWarning: __floordiv__ is deprecated, and its behavior will change in a future version of pytorch. It currently rounds toward 0 (like the 'trunc' function NOT 'floor'). This results in incorrect rounding for negative values. To keep the current behavior, use torch.div(a, b, rounding_mode='trunc'), or for actual floor division, use torch.div(a, b, rounding_mode='floor').
  dim_t = self.temperature**(2 * (dim_t // 2) / self.num_feats)
/dss/dsshome1/07/di54rur/kim_he/e2e-onboard-ai/OVD-Onboard/LAE-DINO_Reprod/mmdetection_lae/mmdet/models/layers/transformer/utils.py:71: UserWarning: __floordiv__ is deprecated, and its behavior will change in a future version of pytorch. It currently rounds toward 0 (like the 'trunc' function NOT 'floor'). This results in incorrect rounding for negative values. To keep the current behavior, use torch.div(a, b, rounding_mode='trunc'), or for actual floor division, use torch.div(a, b, rounding_mode='floor').
  dim_t = temperature**(2 * (dim_t // 2) / num_feats)
/dss/dsshome1/07/di54rur/.conda/mamba/envs/lae/lib/python3.8/site-packages/mmcv/cnn/bricks/transformer.py:524: UserWarning: position encoding of key ismissing in MultiheadAttention.
  warnings.warn(f'position encoding of key is'
/dss/dsshome1/07/di54rur/kim_he/e2e-onboard-ai/OVD-Onboard/LAE-DINO_Reprod/mmdetection_lae/mmdet/models/dense_heads/lae_dino_head.py:428: UserWarning: __floordiv__ is deprecated, and its behavior will change in a future version of pytorch. It currently rounds toward 0 (like the 'trunc' function NOT 'floor'). This results in incorrect rounding for negative values. To keep the current behavior, use torch.div(a, b, rounding_mode='trunc'), or for actual floor division, use torch.div(a, b, rounding_mode='floor').
  bbox_index = indexes // num_classes
/dss/dsshome1/07/di54rur/kim_he/e2e-onboard-ai/OVD-Onboard/LAE-DINO_Reprod/mmdetection_lae/mmdet/models/detectors/lae_dino.py:545: UserWarning: To copy construct from a tensor, it is recommended to use sourceTensor.clone().detach() or sourceTensor.clone().detach().requires_grad_(True), rather than torch.tensor(sourceTensor).
  gt_labels.append(torch.tensor(new_gt_label).to(gt_label.device))
/dss/dsshome1/07/di54rur/kim_he/e2e-onboard-ai/OVD-Onboard/LAE-DINO_Reprod/mmdetection_lae/mmdet/models/layers/positional_encoding.py:103: UserWarning: __floordiv__ is deprecated, and its behavior will change in a future version of pytorch. It currently rounds toward 0 (like the 'trunc' function NOT 'floor'). This results in incorrect rounding for negative values. To keep the current behavior, use torch.div(a, b, rounding_mode='trunc'), or for actual floor division, use torch.div(a, b, rounding_mode='floor').
  dim_t = self.temperature**(2 * (dim_t // 2) / self.num_feats)
/dss/dsshome1/07/di54rur/kim_he/e2e-onboard-ai/OVD-Onboard/LAE-DINO_Reprod/mmdetection_lae/mmdet/models/layers/transformer/utils.py:71: UserWarning: __floordiv__ is deprecated, and its behavior will change in a future version of pytorch. It currently rounds toward 0 (like the 'trunc' function NOT 'floor'). This results in incorrect rounding for negative values. To keep the current behavior, use torch.div(a, b, rounding_mode='trunc'), or for actual floor division, use torch.div(a, b, rounding_mode='floor').
  dim_t = temperature**(2 * (dim_t // 2) / num_feats)
/dss/dsshome1/07/di54rur/.conda/mamba/envs/lae/lib/python3.8/site-packages/mmcv/cnn/bricks/transformer.py:524: UserWarning: position encoding of key ismissing in MultiheadAttention.
  warnings.warn(f'position encoding of key is'
/dss/dsshome1/07/di54rur/kim_he/e2e-onboard-ai/OVD-Onboard/LAE-DINO_Reprod/mmdetection_lae/mmdet/models/dense_heads/lae_dino_head.py:428: UserWarning: __floordiv__ is deprecated, and its behavior will change in a future version of pytorch. It currently rounds toward 0 (like the 'trunc' function NOT 'floor'). This results in incorrect rounding for negative values. To keep the current behavior, use torch.div(a, b, rounding_mode='trunc'), or for actual floor division, use torch.div(a, b, rounding_mode='floor').
  bbox_index = indexes // num_classes
/dss/dsshome1/07/di54rur/kim_he/e2e-onboard-ai/OVD-Onboard/LAE-DINO_Reprod/mmdetection_lae/mmdet/models/detectors/lae_dino.py:545: UserWarning: To copy construct from a tensor, it is recommended to use sourceTensor.clone().detach() or sourceTensor.clone().detach().requires_grad_(True), rather than torch.tensor(sourceTensor).
  gt_labels.append(torch.tensor(new_gt_label).to(gt_label.device))
/dss/dsshome1/07/di54rur/kim_he/e2e-onboard-ai/OVD-Onboard/LAE-DINO_Reprod/mmdetection_lae/mmdet/models/layers/positional_encoding.py:103: UserWarning: __floordiv__ is deprecated, and its behavior will change in a future version of pytorch. It currently rounds toward 0 (like the 'trunc' function NOT 'floor'). This results in incorrect rounding for negative values. To keep the current behavior, use torch.div(a, b, rounding_mode='trunc'), or for actual floor division, use torch.div(a, b, rounding_mode='floor').
  dim_t = self.temperature**(2 * (dim_t // 2) / self.num_feats)
/dss/dsshome1/07/di54rur/kim_he/e2e-onboard-ai/OVD-Onboard/LAE-DINO_Reprod/mmdetection_lae/mmdet/models/layers/transformer/utils.py:71: UserWarning: __floordiv__ is deprecated, and its behavior will change in a future version of pytorch. It currently rounds toward 0 (like the 'trunc' function NOT 'floor'). This results in incorrect rounding for negative values. To keep the current behavior, use torch.div(a, b, rounding_mode='trunc'), or for actual floor division, use torch.div(a, b, rounding_mode='floor').
  dim_t = temperature**(2 * (dim_t // 2) / num_feats)
/dss/dsshome1/07/di54rur/.conda/mamba/envs/lae/lib/python3.8/site-packages/mmcv/cnn/bricks/transformer.py:524: UserWarning: position encoding of key ismissing in MultiheadAttention.
  warnings.warn(f'position encoding of key is'
/dss/dsshome1/07/di54rur/kim_he/e2e-onboard-ai/OVD-Onboard/LAE-DINO_Reprod/mmdetection_lae/mmdet/models/dense_heads/lae_dino_head.py:428: UserWarning: __floordiv__ is deprecated, and its behavior will change in a future version of pytorch. It currently rounds toward 0 (like the 'trunc' function NOT 'floor'). This results in incorrect rounding for negative values. To keep the current behavior, use torch.div(a, b, rounding_mode='trunc'), or for actual floor division, use torch.div(a, b, rounding_mode='floor').
  bbox_index = indexes // num_classes
/dss/dsshome1/07/di54rur/kim_he/e2e-onboard-ai/OVD-Onboard/LAE-DINO_Reprod/mmdetection_lae/mmdet/models/detectors/lae_dino.py:545: UserWarning: To copy construct from a tensor, it is recommended to use sourceTensor.clone().detach() or sourceTensor.clone().detach().requires_grad_(True), rather than torch.tensor(sourceTensor).
  gt_labels.append(torch.tensor(new_gt_label).to(gt_label.device))
/dss/dsshome1/07/di54rur/kim_he/e2e-onboard-ai/OVD-Onboard/LAE-DINO_Reprod/mmdetection_lae/mmdet/models/layers/positional_encoding.py:103: UserWarning: __floordiv__ is deprecated, and its behavior will change in a future version of pytorch. It currently rounds toward 0 (like the 'trunc' function NOT 'floor'). This results in incorrect rounding for negative values. To keep the current behavior, use torch.div(a, b, rounding_mode='trunc'), or for actual floor division, use torch.div(a, b, rounding_mode='floor').
  dim_t = self.temperature**(2 * (dim_t // 2) / self.num_feats)
/dss/dsshome1/07/di54rur/kim_he/e2e-onboard-ai/OVD-Onboard/LAE-DINO_Reprod/mmdetection_lae/mmdet/models/layers/transformer/utils.py:71: UserWarning: __floordiv__ is deprecated, and its behavior will change in a future version of pytorch. It currently rounds toward 0 (like the 'trunc' function NOT 'floor'). This results in incorrect rounding for negative values. To keep the current behavior, use torch.div(a, b, rounding_mode='trunc'), or for actual floor division, use torch.div(a, b, rounding_mode='floor').
  dim_t = temperature**(2 * (dim_t // 2) / num_feats)
/dss/dsshome1/07/di54rur/.conda/mamba/envs/lae/lib/python3.8/site-packages/mmcv/cnn/bricks/transformer.py:524: UserWarning: position encoding of key ismissing in MultiheadAttention.
  warnings.warn(f'position encoding of key is'
/dss/dsshome1/07/di54rur/kim_he/e2e-onboard-ai/OVD-Onboard/LAE-DINO_Reprod/mmdetection_lae/mmdet/models/dense_heads/lae_dino_head.py:428: UserWarning: __floordiv__ is deprecated, and its behavior will change in a future version of pytorch. It currently rounds toward 0 (like the 'trunc' function NOT 'floor'). This results in incorrect rounding for negative values. To keep the current behavior, use torch.div(a, b, rounding_mode='trunc'), or for actual floor division, use torch.div(a, b, rounding_mode='floor').
  bbox_index = indexes // num_classes
/dss/dsshome1/07/di54rur/kim_he/e2e-onboard-ai/OVD-Onboard/LAE-DINO_Reprod/mmdetection_lae/mmdet/models/detectors/lae_dino.py:545: UserWarning: To copy construct from a tensor, it is recommended to use sourceTensor.clone().detach() or sourceTensor.clone().detach().requires_grad_(True), rather than torch.tensor(sourceTensor).
  gt_labels.append(torch.tensor(new_gt_label).to(gt_label.device))
/dss/dsshome1/07/di54rur/kim_he/e2e-onboard-ai/OVD-Onboard/LAE-DINO_Reprod/mmdetection_lae/mmdet/models/layers/positional_encoding.py:103: UserWarning: __floordiv__ is deprecated, and its behavior will change in a future version of pytorch. It currently rounds toward 0 (like the 'trunc' function NOT 'floor'). This results in incorrect rounding for negative values. To keep the current behavior, use torch.div(a, b, rounding_mode='trunc'), or for actual floor division, use torch.div(a, b, rounding_mode='floor').
  dim_t = self.temperature**(2 * (dim_t // 2) / self.num_feats)
/dss/dsshome1/07/di54rur/kim_he/e2e-onboard-ai/OVD-Onboard/LAE-DINO_Reprod/mmdetection_lae/mmdet/models/layers/transformer/utils.py:71: UserWarning: __floordiv__ is deprecated, and its behavior will change in a future version of pytorch. It currently rounds toward 0 (like the 'trunc' function NOT 'floor'). This results in incorrect rounding for negative values. To keep the current behavior, use torch.div(a, b, rounding_mode='trunc'), or for actual floor division, use torch.div(a, b, rounding_mode='floor').
  dim_t = temperature**(2 * (dim_t // 2) / num_feats)
/dss/dsshome1/07/di54rur/.conda/mamba/envs/lae/lib/python3.8/site-packages/mmcv/cnn/bricks/transformer.py:524: UserWarning: position encoding of key ismissing in MultiheadAttention.
  warnings.warn(f'position encoding of key is'
/dss/dsshome1/07/di54rur/kim_he/e2e-onboard-ai/OVD-Onboard/LAE-DINO_Reprod/mmdetection_lae/mmdet/models/dense_heads/lae_dino_head.py:428: UserWarning: __floordiv__ is deprecated, and its behavior will change in a future version of pytorch. It currently rounds toward 0 (like the 'trunc' function NOT 'floor'). This results in incorrect rounding for negative values. To keep the current behavior, use torch.div(a, b, rounding_mode='trunc'), or for actual floor division, use torch.div(a, b, rounding_mode='floor').
  bbox_index = indexes // num_classes
/dss/dsshome1/07/di54rur/kim_he/e2e-onboard-ai/OVD-Onboard/LAE-DINO_Reprod/mmdetection_lae/mmdet/models/detectors/lae_dino.py:545: UserWarning: To copy construct from a tensor, it is recommended to use sourceTensor.clone().detach() or sourceTensor.clone().detach().requires_grad_(True), rather than torch.tensor(sourceTensor).
  gt_labels.append(torch.tensor(new_gt_label).to(gt_label.device))
/dss/dsshome1/07/di54rur/kim_he/e2e-onboard-ai/OVD-Onboard/LAE-DINO_Reprod/mmdetection_lae/mmdet/models/layers/positional_encoding.py:103: UserWarning: __floordiv__ is deprecated, and its behavior will change in a future version of pytorch. It currently rounds toward 0 (like the 'trunc' function NOT 'floor'). This results in incorrect rounding for negative values. To keep the current behavior, use torch.div(a, b, rounding_mode='trunc'), or for actual floor division, use torch.div(a, b, rounding_mode='floor').
  dim_t = self.temperature**(2 * (dim_t // 2) / self.num_feats)
/dss/dsshome1/07/di54rur/kim_he/e2e-onboard-ai/OVD-Onboard/LAE-DINO_Reprod/mmdetection_lae/mmdet/models/layers/transformer/utils.py:71: UserWarning: __floordiv__ is deprecated, and its behavior will change in a future version of pytorch. It currently rounds toward 0 (like the 'trunc' function NOT 'floor'). This results in incorrect rounding for negative values. To keep the current behavior, use torch.div(a, b, rounding_mode='trunc'), or for actual floor division, use torch.div(a, b, rounding_mode='floor').
  dim_t = temperature**(2 * (dim_t // 2) / num_feats)
/dss/dsshome1/07/di54rur/.conda/mamba/envs/lae/lib/python3.8/site-packages/mmcv/cnn/bricks/transformer.py:524: UserWarning: position encoding of key ismissing in MultiheadAttention.
  warnings.warn(f'position encoding of key is'
/dss/dsshome1/07/di54rur/kim_he/e2e-onboard-ai/OVD-Onboard/LAE-DINO_Reprod/mmdetection_lae/mmdet/models/dense_heads/lae_dino_head.py:428: UserWarning: __floordiv__ is deprecated, and its behavior will change in a future version of pytorch. It currently rounds toward 0 (like the 'trunc' function NOT 'floor'). This results in incorrect rounding for negative values. To keep the current behavior, use torch.div(a, b, rounding_mode='trunc'), or for actual floor division, use torch.div(a, b, rounding_mode='floor').
  bbox_index = indexes // num_classes
/dss/dsshome1/07/di54rur/kim_he/e2e-onboard-ai/OVD-Onboard/LAE-DINO_Reprod/mmdetection_lae/mmdet/models/detectors/lae_dino.py:545: UserWarning: To copy construct from a tensor, it is recommended to use sourceTensor.clone().detach() or sourceTensor.clone().detach().requires_grad_(True), rather than torch.tensor(sourceTensor).
  gt_labels.append(torch.tensor(new_gt_label).to(gt_label.device))
/dss/dsshome1/07/di54rur/kim_he/e2e-onboard-ai/OVD-Onboard/LAE-DINO_Reprod/mmdetection_lae/mmdet/models/layers/positional_encoding.py:103: UserWarning: __floordiv__ is deprecated, and its behavior will change in a future version of pytorch. It currently rounds toward 0 (like the 'trunc' function NOT 'floor'). This results in incorrect rounding for negative values. To keep the current behavior, use torch.div(a, b, rounding_mode='trunc'), or for actual floor division, use torch.div(a, b, rounding_mode='floor').
  dim_t = self.temperature**(2 * (dim_t // 2) / self.num_feats)
/dss/dsshome1/07/di54rur/kim_he/e2e-onboard-ai/OVD-Onboard/LAE-DINO_Reprod/mmdetection_lae/mmdet/models/layers/transformer/utils.py:71: UserWarning: __floordiv__ is deprecated, and its behavior will change in a future version of pytorch. It currently rounds toward 0 (like the 'trunc' function NOT 'floor'). This results in incorrect rounding for negative values. To keep the current behavior, use torch.div(a, b, rounding_mode='trunc'), or for actual floor division, use torch.div(a, b, rounding_mode='floor').
  dim_t = temperature**(2 * (dim_t // 2) / num_feats)
/dss/dsshome1/07/di54rur/.conda/mamba/envs/lae/lib/python3.8/site-packages/mmcv/cnn/bricks/transformer.py:524: UserWarning: position encoding of key ismissing in MultiheadAttention.
  warnings.warn(f'position encoding of key is'
/dss/dsshome1/07/di54rur/kim_he/e2e-onboard-ai/OVD-Onboard/LAE-DINO_Reprod/mmdetection_lae/mmdet/models/dense_heads/lae_dino_head.py:428: UserWarning: __floordiv__ is deprecated, and its behavior will change in a future version of pytorch. It currently rounds toward 0 (like the 'trunc' function NOT 'floor'). This results in incorrect rounding for negative values. To keep the current behavior, use torch.div(a, b, rounding_mode='trunc'), or for actual floor division, use torch.div(a, b, rounding_mode='floor').
  bbox_index = indexes // num_classes
/dss/dsshome1/07/di54rur/kim_he/e2e-onboard-ai/OVD-Onboard/LAE-DINO_Reprod/mmdetection_lae/mmdet/models/detectors/lae_dino.py:545: UserWarning: To copy construct from a tensor, it is recommended to use sourceTensor.clone().detach() or sourceTensor.clone().detach().requires_grad_(True), rather than torch.tensor(sourceTensor).
  gt_labels.append(torch.tensor(new_gt_label).to(gt_label.device))
/dss/dsshome1/07/di54rur/kim_he/e2e-onboard-ai/OVD-Onboard/LAE-DINO_Reprod/mmdetection_lae/mmdet/models/layers/positional_encoding.py:103: UserWarning: __floordiv__ is deprecated, and its behavior will change in a future version of pytorch. It currently rounds toward 0 (like the 'trunc' function NOT 'floor'). This results in incorrect rounding for negative values. To keep the current behavior, use torch.div(a, b, rounding_mode='trunc'), or for actual floor division, use torch.div(a, b, rounding_mode='floor').
  dim_t = self.temperature**(2 * (dim_t // 2) / self.num_feats)
/dss/dsshome1/07/di54rur/kim_he/e2e-onboard-ai/OVD-Onboard/LAE-DINO_Reprod/mmdetection_lae/mmdet/models/layers/transformer/utils.py:71: UserWarning: __floordiv__ is deprecated, and its behavior will change in a future version of pytorch. It currently rounds toward 0 (like the 'trunc' function NOT 'floor'). This results in incorrect rounding for negative values. To keep the current behavior, use torch.div(a, b, rounding_mode='trunc'), or for actual floor division, use torch.div(a, b, rounding_mode='floor').
  dim_t = temperature**(2 * (dim_t // 2) / num_feats)
/dss/dsshome1/07/di54rur/.conda/mamba/envs/lae/lib/python3.8/site-packages/mmcv/cnn/bricks/transformer.py:524: UserWarning: position encoding of key ismissing in MultiheadAttention.
  warnings.warn(f'position encoding of key is'
/dss/dsshome1/07/di54rur/kim_he/e2e-onboard-ai/OVD-Onboard/LAE-DINO_Reprod/mmdetection_lae/mmdet/models/dense_heads/lae_dino_head.py:428: UserWarning: __floordiv__ is deprecated, and its behavior will change in a future version of pytorch. It currently rounds toward 0 (like the 'trunc' function NOT 'floor'). This results in incorrect rounding for negative values. To keep the current behavior, use torch.div(a, b, rounding_mode='trunc'), or for actual floor division, use torch.div(a, b, rounding_mode='floor').
  bbox_index = indexes // num_classes
/dss/dsshome1/07/di54rur/kim_he/e2e-onboard-ai/OVD-Onboard/LAE-DINO_Reprod/mmdetection_lae/mmdet/models/detectors/lae_dino.py:545: UserWarning: To copy construct from a tensor, it is recommended to use sourceTensor.clone().detach() or sourceTensor.clone().detach().requires_grad_(True), rather than torch.tensor(sourceTensor).
  gt_labels.append(torch.tensor(new_gt_label).to(gt_label.device))
/dss/dsshome1/07/di54rur/kim_he/e2e-onboard-ai/OVD-Onboard/LAE-DINO_Reprod/mmdetection_lae/mmdet/models/layers/positional_encoding.py:103: UserWarning: __floordiv__ is deprecated, and its behavior will change in a future version of pytorch. It currently rounds toward 0 (like the 'trunc' function NOT 'floor'). This results in incorrect rounding for negative values. To keep the current behavior, use torch.div(a, b, rounding_mode='trunc'), or for actual floor division, use torch.div(a, b, rounding_mode='floor').
  dim_t = self.temperature**(2 * (dim_t // 2) / self.num_feats)
/dss/dsshome1/07/di54rur/kim_he/e2e-onboard-ai/OVD-Onboard/LAE-DINO_Reprod/mmdetection_lae/mmdet/models/layers/transformer/utils.py:71: UserWarning: __floordiv__ is deprecated, and its behavior will change in a future version of pytorch. It currently rounds toward 0 (like the 'trunc' function NOT 'floor'). This results in incorrect rounding for negative values. To keep the current behavior, use torch.div(a, b, rounding_mode='trunc'), or for actual floor division, use torch.div(a, b, rounding_mode='floor').
  dim_t = temperature**(2 * (dim_t // 2) / num_feats)
/dss/dsshome1/07/di54rur/.conda/mamba/envs/lae/lib/python3.8/site-packages/mmcv/cnn/bricks/transformer.py:524: UserWarning: position encoding of key ismissing in MultiheadAttention.
  warnings.warn(f'position encoding of key is'
/dss/dsshome1/07/di54rur/kim_he/e2e-onboard-ai/OVD-Onboard/LAE-DINO_Reprod/mmdetection_lae/mmdet/models/dense_heads/lae_dino_head.py:428: UserWarning: __floordiv__ is deprecated, and its behavior will change in a future version of pytorch. It currently rounds toward 0 (like the 'trunc' function NOT 'floor'). This results in incorrect rounding for negative values. To keep the current behavior, use torch.div(a, b, rounding_mode='trunc'), or for actual floor division, use torch.div(a, b, rounding_mode='floor').
  bbox_index = indexes // num_classes
/dss/dsshome1/07/di54rur/kim_he/e2e-onboard-ai/OVD-Onboard/LAE-DINO_Reprod/mmdetection_lae/mmdet/models/detectors/lae_dino.py:545: UserWarning: To copy construct from a tensor, it is recommended to use sourceTensor.clone().detach() or sourceTensor.clone().detach().requires_grad_(True), rather than torch.tensor(sourceTensor).
  gt_labels.append(torch.tensor(new_gt_label).to(gt_label.device))
/dss/dsshome1/07/di54rur/kim_he/e2e-onboard-ai/OVD-Onboard/LAE-DINO_Reprod/mmdetection_lae/mmdet/models/layers/positional_encoding.py:103: UserWarning: __floordiv__ is deprecated, and its behavior will change in a future version of pytorch. It currently rounds toward 0 (like the 'trunc' function NOT 'floor'). This results in incorrect rounding for negative values. To keep the current behavior, use torch.div(a, b, rounding_mode='trunc'), or for actual floor division, use torch.div(a, b, rounding_mode='floor').
  dim_t = self.temperature**(2 * (dim_t // 2) / self.num_feats)
/dss/dsshome1/07/di54rur/kim_he/e2e-onboard-ai/OVD-Onboard/LAE-DINO_Reprod/mmdetection_lae/mmdet/models/layers/transformer/utils.py:71: UserWarning: __floordiv__ is deprecated, and its behavior will change in a future version of pytorch. It currently rounds toward 0 (like the 'trunc' function NOT 'floor'). This results in incorrect rounding for negative values. To keep the current behavior, use torch.div(a, b, rounding_mode='trunc'), or for actual floor division, use torch.div(a, b, rounding_mode='floor').
  dim_t = temperature**(2 * (dim_t // 2) / num_feats)
/dss/dsshome1/07/di54rur/.conda/mamba/envs/lae/lib/python3.8/site-packages/mmcv/cnn/bricks/transformer.py:524: UserWarning: position encoding of key ismissing in MultiheadAttention.
  warnings.warn(f'position encoding of key is'
/dss/dsshome1/07/di54rur/kim_he/e2e-onboard-ai/OVD-Onboard/LAE-DINO_Reprod/mmdetection_lae/mmdet/models/dense_heads/lae_dino_head.py:428: UserWarning: __floordiv__ is deprecated, and its behavior will change in a future version of pytorch. It currently rounds toward 0 (like the 'trunc' function NOT 'floor'). This results in incorrect rounding for negative values. To keep the current behavior, use torch.div(a, b, rounding_mode='trunc'), or for actual floor division, use torch.div(a, b, rounding_mode='floor').
  bbox_index = indexes // num_classes
/dss/dsshome1/07/di54rur/kim_he/e2e-onboard-ai/OVD-Onboard/LAE-DINO_Reprod/mmdetection_lae/mmdet/models/detectors/lae_dino.py:545: UserWarning: To copy construct from a tensor, it is recommended to use sourceTensor.clone().detach() or sourceTensor.clone().detach().requires_grad_(True), rather than torch.tensor(sourceTensor).
  gt_labels.append(torch.tensor(new_gt_label).to(gt_label.device))
/dss/dsshome1/07/di54rur/kim_he/e2e-onboard-ai/OVD-Onboard/LAE-DINO_Reprod/mmdetection_lae/mmdet/models/layers/positional_encoding.py:103: UserWarning: __floordiv__ is deprecated, and its behavior will change in a future version of pytorch. It currently rounds toward 0 (like the 'trunc' function NOT 'floor'). This results in incorrect rounding for negative values. To keep the current behavior, use torch.div(a, b, rounding_mode='trunc'), or for actual floor division, use torch.div(a, b, rounding_mode='floor').
  dim_t = self.temperature**(2 * (dim_t // 2) / self.num_feats)
/dss/dsshome1/07/di54rur/kim_he/e2e-onboard-ai/OVD-Onboard/LAE-DINO_Reprod/mmdetection_lae/mmdet/models/layers/transformer/utils.py:71: UserWarning: __floordiv__ is deprecated, and its behavior will change in a future version of pytorch. It currently rounds toward 0 (like the 'trunc' function NOT 'floor'). This results in incorrect rounding for negative values. To keep the current behavior, use torch.div(a, b, rounding_mode='trunc'), or for actual floor division, use torch.div(a, b, rounding_mode='floor').
  dim_t = temperature**(2 * (dim_t // 2) / num_feats)
/dss/dsshome1/07/di54rur/.conda/mamba/envs/lae/lib/python3.8/site-packages/mmcv/cnn/bricks/transformer.py:524: UserWarning: position encoding of key ismissing in MultiheadAttention.
  warnings.warn(f'position encoding of key is'
/dss/dsshome1/07/di54rur/kim_he/e2e-onboard-ai/OVD-Onboard/LAE-DINO_Reprod/mmdetection_lae/mmdet/models/dense_heads/lae_dino_head.py:428: UserWarning: __floordiv__ is deprecated, and its behavior will change in a future version of pytorch. It currently rounds toward 0 (like the 'trunc' function NOT 'floor'). This results in incorrect rounding for negative values. To keep the current behavior, use torch.div(a, b, rounding_mode='trunc'), or for actual floor division, use torch.div(a, b, rounding_mode='floor').
  bbox_index = indexes // num_classes
/dss/dsshome1/07/di54rur/kim_he/e2e-onboard-ai/OVD-Onboard/LAE-DINO_Reprod/mmdetection_lae/mmdet/models/detectors/lae_dino.py:545: UserWarning: To copy construct from a tensor, it is recommended to use sourceTensor.clone().detach() or sourceTensor.clone().detach().requires_grad_(True), rather than torch.tensor(sourceTensor).
  gt_labels.append(torch.tensor(new_gt_label).to(gt_label.device))
/dss/dsshome1/07/di54rur/kim_he/e2e-onboard-ai/OVD-Onboard/LAE-DINO_Reprod/mmdetection_lae/mmdet/models/layers/positional_encoding.py:103: UserWarning: __floordiv__ is deprecated, and its behavior will change in a future version of pytorch. It currently rounds toward 0 (like the 'trunc' function NOT 'floor'). This results in incorrect rounding for negative values. To keep the current behavior, use torch.div(a, b, rounding_mode='trunc'), or for actual floor division, use torch.div(a, b, rounding_mode='floor').
  dim_t = self.temperature**(2 * (dim_t // 2) / self.num_feats)
/dss/dsshome1/07/di54rur/kim_he/e2e-onboard-ai/OVD-Onboard/LAE-DINO_Reprod/mmdetection_lae/mmdet/models/layers/transformer/utils.py:71: UserWarning: __floordiv__ is deprecated, and its behavior will change in a future version of pytorch. It currently rounds toward 0 (like the 'trunc' function NOT 'floor'). This results in incorrect rounding for negative values. To keep the current behavior, use torch.div(a, b, rounding_mode='trunc'), or for actual floor division, use torch.div(a, b, rounding_mode='floor').
  dim_t = temperature**(2 * (dim_t // 2) / num_feats)
/dss/dsshome1/07/di54rur/.conda/mamba/envs/lae/lib/python3.8/site-packages/mmcv/cnn/bricks/transformer.py:524: UserWarning: position encoding of key ismissing in MultiheadAttention.
  warnings.warn(f'position encoding of key is'
/dss/dsshome1/07/di54rur/kim_he/e2e-onboard-ai/OVD-Onboard/LAE-DINO_Reprod/mmdetection_lae/mmdet/models/dense_heads/lae_dino_head.py:428: UserWarning: __floordiv__ is deprecated, and its behavior will change in a future version of pytorch. It currently rounds toward 0 (like the 'trunc' function NOT 'floor'). This results in incorrect rounding for negative values. To keep the current behavior, use torch.div(a, b, rounding_mode='trunc'), or for actual floor division, use torch.div(a, b, rounding_mode='floor').
  bbox_index = indexes // num_classes
/dss/dsshome1/07/di54rur/kim_he/e2e-onboard-ai/OVD-Onboard/LAE-DINO_Reprod/mmdetection_lae/mmdet/models/detectors/lae_dino.py:545: UserWarning: To copy construct from a tensor, it is recommended to use sourceTensor.clone().detach() or sourceTensor.clone().detach().requires_grad_(True), rather than torch.tensor(sourceTensor).
  gt_labels.append(torch.tensor(new_gt_label).to(gt_label.device))
/dss/dsshome1/07/di54rur/kim_he/e2e-onboard-ai/OVD-Onboard/LAE-DINO_Reprod/mmdetection_lae/mmdet/models/layers/positional_encoding.py:103: UserWarning: __floordiv__ is deprecated, and its behavior will change in a future version of pytorch. It currently rounds toward 0 (like the 'trunc' function NOT 'floor'). This results in incorrect rounding for negative values. To keep the current behavior, use torch.div(a, b, rounding_mode='trunc'), or for actual floor division, use torch.div(a, b, rounding_mode='floor').
  dim_t = self.temperature**(2 * (dim_t // 2) / self.num_feats)
/dss/dsshome1/07/di54rur/kim_he/e2e-onboard-ai/OVD-Onboard/LAE-DINO_Reprod/mmdetection_lae/mmdet/models/layers/transformer/utils.py:71: UserWarning: __floordiv__ is deprecated, and its behavior will change in a future version of pytorch. It currently rounds toward 0 (like the 'trunc' function NOT 'floor'). This results in incorrect rounding for negative values. To keep the current behavior, use torch.div(a, b, rounding_mode='trunc'), or for actual floor division, use torch.div(a, b, rounding_mode='floor').
  dim_t = temperature**(2 * (dim_t // 2) / num_feats)
/dss/dsshome1/07/di54rur/.conda/mamba/envs/lae/lib/python3.8/site-packages/mmcv/cnn/bricks/transformer.py:524: UserWarning: position encoding of key ismissing in MultiheadAttention.
  warnings.warn(f'position encoding of key is'
/dss/dsshome1/07/di54rur/kim_he/e2e-onboard-ai/OVD-Onboard/LAE-DINO_Reprod/mmdetection_lae/mmdet/models/dense_heads/lae_dino_head.py:428: UserWarning: __floordiv__ is deprecated, and its behavior will change in a future version of pytorch. It currently rounds toward 0 (like the 'trunc' function NOT 'floor'). This results in incorrect rounding for negative values. To keep the current behavior, use torch.div(a, b, rounding_mode='trunc'), or for actual floor division, use torch.div(a, b, rounding_mode='floor').
  bbox_index = indexes // num_classes
/dss/dsshome1/07/di54rur/kim_he/e2e-onboard-ai/OVD-Onboard/LAE-DINO_Reprod/mmdetection_lae/mmdet/models/detectors/lae_dino.py:545: UserWarning: To copy construct from a tensor, it is recommended to use sourceTensor.clone().detach() or sourceTensor.clone().detach().requires_grad_(True), rather than torch.tensor(sourceTensor).
  gt_labels.append(torch.tensor(new_gt_label).to(gt_label.device))
/dss/dsshome1/07/di54rur/kim_he/e2e-onboard-ai/OVD-Onboard/LAE-DINO_Reprod/mmdetection_lae/mmdet/models/layers/positional_encoding.py:103: UserWarning: __floordiv__ is deprecated, and its behavior will change in a future version of pytorch. It currently rounds toward 0 (like the 'trunc' function NOT 'floor'). This results in incorrect rounding for negative values. To keep the current behavior, use torch.div(a, b, rounding_mode='trunc'), or for actual floor division, use torch.div(a, b, rounding_mode='floor').
  dim_t = self.temperature**(2 * (dim_t // 2) / self.num_feats)
/dss/dsshome1/07/di54rur/kim_he/e2e-onboard-ai/OVD-Onboard/LAE-DINO_Reprod/mmdetection_lae/mmdet/models/layers/transformer/utils.py:71: UserWarning: __floordiv__ is deprecated, and its behavior will change in a future version of pytorch. It currently rounds toward 0 (like the 'trunc' function NOT 'floor'). This results in incorrect rounding for negative values. To keep the current behavior, use torch.div(a, b, rounding_mode='trunc'), or for actual floor division, use torch.div(a, b, rounding_mode='floor').
  dim_t = temperature**(2 * (dim_t // 2) / num_feats)
/dss/dsshome1/07/di54rur/.conda/mamba/envs/lae/lib/python3.8/site-packages/mmcv/cnn/bricks/transformer.py:524: UserWarning: position encoding of key ismissing in MultiheadAttention.
  warnings.warn(f'position encoding of key is'
/dss/dsshome1/07/di54rur/kim_he/e2e-onboard-ai/OVD-Onboard/LAE-DINO_Reprod/mmdetection_lae/mmdet/models/dense_heads/lae_dino_head.py:428: UserWarning: __floordiv__ is deprecated, and its behavior will change in a future version of pytorch. It currently rounds toward 0 (like the 'trunc' function NOT 'floor'). This results in incorrect rounding for negative values. To keep the current behavior, use torch.div(a, b, rounding_mode='trunc'), or for actual floor division, use torch.div(a, b, rounding_mode='floor').
  bbox_index = indexes // num_classes
/dss/dsshome1/07/di54rur/kim_he/e2e-onboard-ai/OVD-Onboard/LAE-DINO_Reprod/mmdetection_lae/mmdet/models/detectors/lae_dino.py:545: UserWarning: To copy construct from a tensor, it is recommended to use sourceTensor.clone().detach() or sourceTensor.clone().detach().requires_grad_(True), rather than torch.tensor(sourceTensor).
  gt_labels.append(torch.tensor(new_gt_label).to(gt_label.device))
/dss/dsshome1/07/di54rur/kim_he/e2e-onboard-ai/OVD-Onboard/LAE-DINO_Reprod/mmdetection_lae/mmdet/models/layers/positional_encoding.py:103: UserWarning: __floordiv__ is deprecated, and its behavior will change in a future version of pytorch. It currently rounds toward 0 (like the 'trunc' function NOT 'floor'). This results in incorrect rounding for negative values. To keep the current behavior, use torch.div(a, b, rounding_mode='trunc'), or for actual floor division, use torch.div(a, b, rounding_mode='floor').
  dim_t = self.temperature**(2 * (dim_t // 2) / self.num_feats)
/dss/dsshome1/07/di54rur/kim_he/e2e-onboard-ai/OVD-Onboard/LAE-DINO_Reprod/mmdetection_lae/mmdet/models/layers/transformer/utils.py:71: UserWarning: __floordiv__ is deprecated, and its behavior will change in a future version of pytorch. It currently rounds toward 0 (like the 'trunc' function NOT 'floor'). This results in incorrect rounding for negative values. To keep the current behavior, use torch.div(a, b, rounding_mode='trunc'), or for actual floor division, use torch.div(a, b, rounding_mode='floor').
  dim_t = temperature**(2 * (dim_t // 2) / num_feats)
/dss/dsshome1/07/di54rur/.conda/mamba/envs/lae/lib/python3.8/site-packages/mmcv/cnn/bricks/transformer.py:524: UserWarning: position encoding of key ismissing in MultiheadAttention.
  warnings.warn(f'position encoding of key is'
/dss/dsshome1/07/di54rur/kim_he/e2e-onboard-ai/OVD-Onboard/LAE-DINO_Reprod/mmdetection_lae/mmdet/models/dense_heads/lae_dino_head.py:428: UserWarning: __floordiv__ is deprecated, and its behavior will change in a future version of pytorch. It currently rounds toward 0 (like the 'trunc' function NOT 'floor'). This results in incorrect rounding for negative values. To keep the current behavior, use torch.div(a, b, rounding_mode='trunc'), or for actual floor division, use torch.div(a, b, rounding_mode='floor').
  bbox_index = indexes // num_classes
/dss/dsshome1/07/di54rur/kim_he/e2e-onboard-ai/OVD-Onboard/LAE-DINO_Reprod/mmdetection_lae/mmdet/models/detectors/lae_dino.py:545: UserWarning: To copy construct from a tensor, it is recommended to use sourceTensor.clone().detach() or sourceTensor.clone().detach().requires_grad_(True), rather than torch.tensor(sourceTensor).
  gt_labels.append(torch.tensor(new_gt_label).to(gt_label.device))
/dss/dsshome1/07/di54rur/kim_he/e2e-onboard-ai/OVD-Onboard/LAE-DINO_Reprod/mmdetection_lae/mmdet/models/layers/positional_encoding.py:103: UserWarning: __floordiv__ is deprecated, and its behavior will change in a future version of pytorch. It currently rounds toward 0 (like the 'trunc' function NOT 'floor'). This results in incorrect rounding for negative values. To keep the current behavior, use torch.div(a, b, rounding_mode='trunc'), or for actual floor division, use torch.div(a, b, rounding_mode='floor').
  dim_t = self.temperature**(2 * (dim_t // 2) / self.num_feats)
/dss/dsshome1/07/di54rur/kim_he/e2e-onboard-ai/OVD-Onboard/LAE-DINO_Reprod/mmdetection_lae/mmdet/models/layers/transformer/utils.py:71: UserWarning: __floordiv__ is deprecated, and its behavior will change in a future version of pytorch. It currently rounds toward 0 (like the 'trunc' function NOT 'floor'). This results in incorrect rounding for negative values. To keep the current behavior, use torch.div(a, b, rounding_mode='trunc'), or for actual floor division, use torch.div(a, b, rounding_mode='floor').
  dim_t = temperature**(2 * (dim_t // 2) / num_feats)
/dss/dsshome1/07/di54rur/.conda/mamba/envs/lae/lib/python3.8/site-packages/mmcv/cnn/bricks/transformer.py:524: UserWarning: position encoding of key ismissing in MultiheadAttention.
  warnings.warn(f'position encoding of key is'
/dss/dsshome1/07/di54rur/kim_he/e2e-onboard-ai/OVD-Onboard/LAE-DINO_Reprod/mmdetection_lae/mmdet/models/dense_heads/lae_dino_head.py:428: UserWarning: __floordiv__ is deprecated, and its behavior will change in a future version of pytorch. It currently rounds toward 0 (like the 'trunc' function NOT 'floor'). This results in incorrect rounding for negative values. To keep the current behavior, use torch.div(a, b, rounding_mode='trunc'), or for actual floor division, use torch.div(a, b, rounding_mode='floor').
  bbox_index = indexes // num_classes
/dss/dsshome1/07/di54rur/kim_he/e2e-onboard-ai/OVD-Onboard/LAE-DINO_Reprod/mmdetection_lae/mmdet/models/detectors/lae_dino.py:545: UserWarning: To copy construct from a tensor, it is recommended to use sourceTensor.clone().detach() or sourceTensor.clone().detach().requires_grad_(True), rather than torch.tensor(sourceTensor).
  gt_labels.append(torch.tensor(new_gt_label).to(gt_label.device))
/dss/dsshome1/07/di54rur/kim_he/e2e-onboard-ai/OVD-Onboard/LAE-DINO_Reprod/mmdetection_lae/mmdet/models/layers/positional_encoding.py:103: UserWarning: __floordiv__ is deprecated, and its behavior will change in a future version of pytorch. It currently rounds toward 0 (like the 'trunc' function NOT 'floor'). This results in incorrect rounding for negative values. To keep the current behavior, use torch.div(a, b, rounding_mode='trunc'), or for actual floor division, use torch.div(a, b, rounding_mode='floor').
  dim_t = self.temperature**(2 * (dim_t // 2) / self.num_feats)
/dss/dsshome1/07/di54rur/kim_he/e2e-onboard-ai/OVD-Onboard/LAE-DINO_Reprod/mmdetection_lae/mmdet/models/layers/transformer/utils.py:71: UserWarning: __floordiv__ is deprecated, and its behavior will change in a future version of pytorch. It currently rounds toward 0 (like the 'trunc' function NOT 'floor'). This results in incorrect rounding for negative values. To keep the current behavior, use torch.div(a, b, rounding_mode='trunc'), or for actual floor division, use torch.div(a, b, rounding_mode='floor').
  dim_t = temperature**(2 * (dim_t // 2) / num_feats)
/dss/dsshome1/07/di54rur/.conda/mamba/envs/lae/lib/python3.8/site-packages/mmcv/cnn/bricks/transformer.py:524: UserWarning: position encoding of key ismissing in MultiheadAttention.
  warnings.warn(f'position encoding of key is'
/dss/dsshome1/07/di54rur/kim_he/e2e-onboard-ai/OVD-Onboard/LAE-DINO_Reprod/mmdetection_lae/mmdet/models/dense_heads/lae_dino_head.py:428: UserWarning: __floordiv__ is deprecated, and its behavior will change in a future version of pytorch. It currently rounds toward 0 (like the 'trunc' function NOT 'floor'). This results in incorrect rounding for negative values. To keep the current behavior, use torch.div(a, b, rounding_mode='trunc'), or for actual floor division, use torch.div(a, b, rounding_mode='floor').
  bbox_index = indexes // num_classes
/dss/dsshome1/07/di54rur/kim_he/e2e-onboard-ai/OVD-Onboard/LAE-DINO_Reprod/mmdetection_lae/mmdet/models/detectors/lae_dino.py:545: UserWarning: To copy construct from a tensor, it is recommended to use sourceTensor.clone().detach() or sourceTensor.clone().detach().requires_grad_(True), rather than torch.tensor(sourceTensor).
  gt_labels.append(torch.tensor(new_gt_label).to(gt_label.device))
/dss/dsshome1/07/di54rur/kim_he/e2e-onboard-ai/OVD-Onboard/LAE-DINO_Reprod/mmdetection_lae/mmdet/models/layers/positional_encoding.py:103: UserWarning: __floordiv__ is deprecated, and its behavior will change in a future version of pytorch. It currently rounds toward 0 (like the 'trunc' function NOT 'floor'). This results in incorrect rounding for negative values. To keep the current behavior, use torch.div(a, b, rounding_mode='trunc'), or for actual floor division, use torch.div(a, b, rounding_mode='floor').
  dim_t = self.temperature**(2 * (dim_t // 2) / self.num_feats)
/dss/dsshome1/07/di54rur/kim_he/e2e-onboard-ai/OVD-Onboard/LAE-DINO_Reprod/mmdetection_lae/mmdet/models/layers/transformer/utils.py:71: UserWarning: __floordiv__ is deprecated, and its behavior will change in a future version of pytorch. It currently rounds toward 0 (like the 'trunc' function NOT 'floor'). This results in incorrect rounding for negative values. To keep the current behavior, use torch.div(a, b, rounding_mode='trunc'), or for actual floor division, use torch.div(a, b, rounding_mode='floor').
  dim_t = temperature**(2 * (dim_t // 2) / num_feats)
/dss/dsshome1/07/di54rur/.conda/mamba/envs/lae/lib/python3.8/site-packages/mmcv/cnn/bricks/transformer.py:524: UserWarning: position encoding of key ismissing in MultiheadAttention.
  warnings.warn(f'position encoding of key is'
/dss/dsshome1/07/di54rur/kim_he/e2e-onboard-ai/OVD-Onboard/LAE-DINO_Reprod/mmdetection_lae/mmdet/models/dense_heads/lae_dino_head.py:428: UserWarning: __floordiv__ is deprecated, and its behavior will change in a future version of pytorch. It currently rounds toward 0 (like the 'trunc' function NOT 'floor'). This results in incorrect rounding for negative values. To keep the current behavior, use torch.div(a, b, rounding_mode='trunc'), or for actual floor division, use torch.div(a, b, rounding_mode='floor').
  bbox_index = indexes // num_classes
/dss/dsshome1/07/di54rur/kim_he/e2e-onboard-ai/OVD-Onboard/LAE-DINO_Reprod/mmdetection_lae/mmdet/models/detectors/lae_dino.py:545: UserWarning: To copy construct from a tensor, it is recommended to use sourceTensor.clone().detach() or sourceTensor.clone().detach().requires_grad_(True), rather than torch.tensor(sourceTensor).
  gt_labels.append(torch.tensor(new_gt_label).to(gt_label.device))
/dss/dsshome1/07/di54rur/kim_he/e2e-onboard-ai/OVD-Onboard/LAE-DINO_Reprod/mmdetection_lae/mmdet/models/layers/positional_encoding.py:103: UserWarning: __floordiv__ is deprecated, and its behavior will change in a future version of pytorch. It currently rounds toward 0 (like the 'trunc' function NOT 'floor'). This results in incorrect rounding for negative values. To keep the current behavior, use torch.div(a, b, rounding_mode='trunc'), or for actual floor division, use torch.div(a, b, rounding_mode='floor').
  dim_t = self.temperature**(2 * (dim_t // 2) / self.num_feats)
/dss/dsshome1/07/di54rur/kim_he/e2e-onboard-ai/OVD-Onboard/LAE-DINO_Reprod/mmdetection_lae/mmdet/models/layers/transformer/utils.py:71: UserWarning: __floordiv__ is deprecated, and its behavior will change in a future version of pytorch. It currently rounds toward 0 (like the 'trunc' function NOT 'floor'). This results in incorrect rounding for negative values. To keep the current behavior, use torch.div(a, b, rounding_mode='trunc'), or for actual floor division, use torch.div(a, b, rounding_mode='floor').
  dim_t = temperature**(2 * (dim_t // 2) / num_feats)
/dss/dsshome1/07/di54rur/.conda/mamba/envs/lae/lib/python3.8/site-packages/mmcv/cnn/bricks/transformer.py:524: UserWarning: position encoding of key ismissing in MultiheadAttention.
  warnings.warn(f'position encoding of key is'
/dss/dsshome1/07/di54rur/kim_he/e2e-onboard-ai/OVD-Onboard/LAE-DINO_Reprod/mmdetection_lae/mmdet/models/dense_heads/lae_dino_head.py:428: UserWarning: __floordiv__ is deprecated, and its behavior will change in a future version of pytorch. It currently rounds toward 0 (like the 'trunc' function NOT 'floor'). This results in incorrect rounding for negative values. To keep the current behavior, use torch.div(a, b, rounding_mode='trunc'), or for actual floor division, use torch.div(a, b, rounding_mode='floor').
  bbox_index = indexes // num_classes
/dss/dsshome1/07/di54rur/kim_he/e2e-onboard-ai/OVD-Onboard/LAE-DINO_Reprod/mmdetection_lae/mmdet/models/detectors/lae_dino.py:545: UserWarning: To copy construct from a tensor, it is recommended to use sourceTensor.clone().detach() or sourceTensor.clone().detach().requires_grad_(True), rather than torch.tensor(sourceTensor).
  gt_labels.append(torch.tensor(new_gt_label).to(gt_label.device))
/dss/dsshome1/07/di54rur/kim_he/e2e-onboard-ai/OVD-Onboard/LAE-DINO_Reprod/mmdetection_lae/mmdet/models/layers/positional_encoding.py:103: UserWarning: __floordiv__ is deprecated, and its behavior will change in a future version of pytorch. It currently rounds toward 0 (like the 'trunc' function NOT 'floor'). This results in incorrect rounding for negative values. To keep the current behavior, use torch.div(a, b, rounding_mode='trunc'), or for actual floor division, use torch.div(a, b, rounding_mode='floor').
  dim_t = self.temperature**(2 * (dim_t // 2) / self.num_feats)
/dss/dsshome1/07/di54rur/kim_he/e2e-onboard-ai/OVD-Onboard/LAE-DINO_Reprod/mmdetection_lae/mmdet/models/layers/transformer/utils.py:71: UserWarning: __floordiv__ is deprecated, and its behavior will change in a future version of pytorch. It currently rounds toward 0 (like the 'trunc' function NOT 'floor'). This results in incorrect rounding for negative values. To keep the current behavior, use torch.div(a, b, rounding_mode='trunc'), or for actual floor division, use torch.div(a, b, rounding_mode='floor').
  dim_t = temperature**(2 * (dim_t // 2) / num_feats)
/dss/dsshome1/07/di54rur/.conda/mamba/envs/lae/lib/python3.8/site-packages/mmcv/cnn/bricks/transformer.py:524: UserWarning: position encoding of key ismissing in MultiheadAttention.
  warnings.warn(f'position encoding of key is'
/dss/dsshome1/07/di54rur/kim_he/e2e-onboard-ai/OVD-Onboard/LAE-DINO_Reprod/mmdetection_lae/mmdet/models/dense_heads/lae_dino_head.py:428: UserWarning: __floordiv__ is deprecated, and its behavior will change in a future version of pytorch. It currently rounds toward 0 (like the 'trunc' function NOT 'floor'). This results in incorrect rounding for negative values. To keep the current behavior, use torch.div(a, b, rounding_mode='trunc'), or for actual floor division, use torch.div(a, b, rounding_mode='floor').
  bbox_index = indexes // num_classes
/dss/dsshome1/07/di54rur/kim_he/e2e-onboard-ai/OVD-Onboard/LAE-DINO_Reprod/mmdetection_lae/mmdet/models/detectors/lae_dino.py:545: UserWarning: To copy construct from a tensor, it is recommended to use sourceTensor.clone().detach() or sourceTensor.clone().detach().requires_grad_(True), rather than torch.tensor(sourceTensor).
  gt_labels.append(torch.tensor(new_gt_label).to(gt_label.device))
/dss/dsshome1/07/di54rur/kim_he/e2e-onboard-ai/OVD-Onboard/LAE-DINO_Reprod/mmdetection_lae/mmdet/models/layers/positional_encoding.py:103: UserWarning: __floordiv__ is deprecated, and its behavior will change in a future version of pytorch. It currently rounds toward 0 (like the 'trunc' function NOT 'floor'). This results in incorrect rounding for negative values. To keep the current behavior, use torch.div(a, b, rounding_mode='trunc'), or for actual floor division, use torch.div(a, b, rounding_mode='floor').
  dim_t = self.temperature**(2 * (dim_t // 2) / self.num_feats)
/dss/dsshome1/07/di54rur/kim_he/e2e-onboard-ai/OVD-Onboard/LAE-DINO_Reprod/mmdetection_lae/mmdet/models/layers/transformer/utils.py:71: UserWarning: __floordiv__ is deprecated, and its behavior will change in a future version of pytorch. It currently rounds toward 0 (like the 'trunc' function NOT 'floor'). This results in incorrect rounding for negative values. To keep the current behavior, use torch.div(a, b, rounding_mode='trunc'), or for actual floor division, use torch.div(a, b, rounding_mode='floor').
  dim_t = temperature**(2 * (dim_t // 2) / num_feats)
/dss/dsshome1/07/di54rur/.conda/mamba/envs/lae/lib/python3.8/site-packages/mmcv/cnn/bricks/transformer.py:524: UserWarning: position encoding of key ismissing in MultiheadAttention.
  warnings.warn(f'position encoding of key is'
/dss/dsshome1/07/di54rur/kim_he/e2e-onboard-ai/OVD-Onboard/LAE-DINO_Reprod/mmdetection_lae/mmdet/models/dense_heads/lae_dino_head.py:428: UserWarning: __floordiv__ is deprecated, and its behavior will change in a future version of pytorch. It currently rounds toward 0 (like the 'trunc' function NOT 'floor'). This results in incorrect rounding for negative values. To keep the current behavior, use torch.div(a, b, rounding_mode='trunc'), or for actual floor division, use torch.div(a, b, rounding_mode='floor').
  bbox_index = indexes // num_classes
/dss/dsshome1/07/di54rur/kim_he/e2e-onboard-ai/OVD-Onboard/LAE-DINO_Reprod/mmdetection_lae/mmdet/models/detectors/lae_dino.py:545: UserWarning: To copy construct from a tensor, it is recommended to use sourceTensor.clone().detach() or sourceTensor.clone().detach().requires_grad_(True), rather than torch.tensor(sourceTensor).
  gt_labels.append(torch.tensor(new_gt_label).to(gt_label.device))
/dss/dsshome1/07/di54rur/kim_he/e2e-onboard-ai/OVD-Onboard/LAE-DINO_Reprod/mmdetection_lae/mmdet/models/layers/positional_encoding.py:103: UserWarning: __floordiv__ is deprecated, and its behavior will change in a future version of pytorch. It currently rounds toward 0 (like the 'trunc' function NOT 'floor'). This results in incorrect rounding for negative values. To keep the current behavior, use torch.div(a, b, rounding_mode='trunc'), or for actual floor division, use torch.div(a, b, rounding_mode='floor').
  dim_t = self.temperature**(2 * (dim_t // 2) / self.num_feats)
/dss/dsshome1/07/di54rur/kim_he/e2e-onboard-ai/OVD-Onboard/LAE-DINO_Reprod/mmdetection_lae/mmdet/models/layers/transformer/utils.py:71: UserWarning: __floordiv__ is deprecated, and its behavior will change in a future version of pytorch. It currently rounds toward 0 (like the 'trunc' function NOT 'floor'). This results in incorrect rounding for negative values. To keep the current behavior, use torch.div(a, b, rounding_mode='trunc'), or for actual floor division, use torch.div(a, b, rounding_mode='floor').
  dim_t = temperature**(2 * (dim_t // 2) / num_feats)
/dss/dsshome1/07/di54rur/.conda/mamba/envs/lae/lib/python3.8/site-packages/mmcv/cnn/bricks/transformer.py:524: UserWarning: position encoding of key ismissing in MultiheadAttention.
  warnings.warn(f'position encoding of key is'
/dss/dsshome1/07/di54rur/kim_he/e2e-onboard-ai/OVD-Onboard/LAE-DINO_Reprod/mmdetection_lae/mmdet/models/dense_heads/lae_dino_head.py:428: UserWarning: __floordiv__ is deprecated, and its behavior will change in a future version of pytorch. It currently rounds toward 0 (like the 'trunc' function NOT 'floor'). This results in incorrect rounding for negative values. To keep the current behavior, use torch.div(a, b, rounding_mode='trunc'), or for actual floor division, use torch.div(a, b, rounding_mode='floor').
  bbox_index = indexes // num_classes
/dss/dsshome1/07/di54rur/kim_he/e2e-onboard-ai/OVD-Onboard/LAE-DINO_Reprod/mmdetection_lae/mmdet/models/detectors/lae_dino.py:545: UserWarning: To copy construct from a tensor, it is recommended to use sourceTensor.clone().detach() or sourceTensor.clone().detach().requires_grad_(True), rather than torch.tensor(sourceTensor).
  gt_labels.append(torch.tensor(new_gt_label).to(gt_label.device))
/dss/dsshome1/07/di54rur/kim_he/e2e-onboard-ai/OVD-Onboard/LAE-DINO_Reprod/mmdetection_lae/mmdet/models/layers/positional_encoding.py:103: UserWarning: __floordiv__ is deprecated, and its behavior will change in a future version of pytorch. It currently rounds toward 0 (like the 'trunc' function NOT 'floor'). This results in incorrect rounding for negative values. To keep the current behavior, use torch.div(a, b, rounding_mode='trunc'), or for actual floor division, use torch.div(a, b, rounding_mode='floor').
  dim_t = self.temperature**(2 * (dim_t // 2) / self.num_feats)
/dss/dsshome1/07/di54rur/kim_he/e2e-onboard-ai/OVD-Onboard/LAE-DINO_Reprod/mmdetection_lae/mmdet/models/layers/transformer/utils.py:71: UserWarning: __floordiv__ is deprecated, and its behavior will change in a future version of pytorch. It currently rounds toward 0 (like the 'trunc' function NOT 'floor'). This results in incorrect rounding for negative values. To keep the current behavior, use torch.div(a, b, rounding_mode='trunc'), or for actual floor division, use torch.div(a, b, rounding_mode='floor').
  dim_t = temperature**(2 * (dim_t // 2) / num_feats)
/dss/dsshome1/07/di54rur/.conda/mamba/envs/lae/lib/python3.8/site-packages/mmcv/cnn/bricks/transformer.py:524: UserWarning: position encoding of key ismissing in MultiheadAttention.
  warnings.warn(f'position encoding of key is'
/dss/dsshome1/07/di54rur/kim_he/e2e-onboard-ai/OVD-Onboard/LAE-DINO_Reprod/mmdetection_lae/mmdet/models/dense_heads/lae_dino_head.py:428: UserWarning: __floordiv__ is deprecated, and its behavior will change in a future version of pytorch. It currently rounds toward 0 (like the 'trunc' function NOT 'floor'). This results in incorrect rounding for negative values. To keep the current behavior, use torch.div(a, b, rounding_mode='trunc'), or for actual floor division, use torch.div(a, b, rounding_mode='floor').
  bbox_index = indexes // num_classes
/dss/dsshome1/07/di54rur/kim_he/e2e-onboard-ai/OVD-Onboard/LAE-DINO_Reprod/mmdetection_lae/mmdet/models/detectors/lae_dino.py:545: UserWarning: To copy construct from a tensor, it is recommended to use sourceTensor.clone().detach() or sourceTensor.clone().detach().requires_grad_(True), rather than torch.tensor(sourceTensor).
  gt_labels.append(torch.tensor(new_gt_label).to(gt_label.device))
/dss/dsshome1/07/di54rur/kim_he/e2e-onboard-ai/OVD-Onboard/LAE-DINO_Reprod/mmdetection_lae/mmdet/models/layers/positional_encoding.py:103: UserWarning: __floordiv__ is deprecated, and its behavior will change in a future version of pytorch. It currently rounds toward 0 (like the 'trunc' function NOT 'floor'). This results in incorrect rounding for negative values. To keep the current behavior, use torch.div(a, b, rounding_mode='trunc'), or for actual floor division, use torch.div(a, b, rounding_mode='floor').
  dim_t = self.temperature**(2 * (dim_t // 2) / self.num_feats)
/dss/dsshome1/07/di54rur/kim_he/e2e-onboard-ai/OVD-Onboard/LAE-DINO_Reprod/mmdetection_lae/mmdet/models/layers/transformer/utils.py:71: UserWarning: __floordiv__ is deprecated, and its behavior will change in a future version of pytorch. It currently rounds toward 0 (like the 'trunc' function NOT 'floor'). This results in incorrect rounding for negative values. To keep the current behavior, use torch.div(a, b, rounding_mode='trunc'), or for actual floor division, use torch.div(a, b, rounding_mode='floor').
  dim_t = temperature**(2 * (dim_t // 2) / num_feats)
/dss/dsshome1/07/di54rur/.conda/mamba/envs/lae/lib/python3.8/site-packages/mmcv/cnn/bricks/transformer.py:524: UserWarning: position encoding of key ismissing in MultiheadAttention.
  warnings.warn(f'position encoding of key is'
/dss/dsshome1/07/di54rur/kim_he/e2e-onboard-ai/OVD-Onboard/LAE-DINO_Reprod/mmdetection_lae/mmdet/models/dense_heads/lae_dino_head.py:428: UserWarning: __floordiv__ is deprecated, and its behavior will change in a future version of pytorch. It currently rounds toward 0 (like the 'trunc' function NOT 'floor'). This results in incorrect rounding for negative values. To keep the current behavior, use torch.div(a, b, rounding_mode='trunc'), or for actual floor division, use torch.div(a, b, rounding_mode='floor').
  bbox_index = indexes // num_classes
/dss/dsshome1/07/di54rur/kim_he/e2e-onboard-ai/OVD-Onboard/LAE-DINO_Reprod/mmdetection_lae/mmdet/models/detectors/lae_dino.py:545: UserWarning: To copy construct from a tensor, it is recommended to use sourceTensor.clone().detach() or sourceTensor.clone().detach().requires_grad_(True), rather than torch.tensor(sourceTensor).
  gt_labels.append(torch.tensor(new_gt_label).to(gt_label.device))
/dss/dsshome1/07/di54rur/kim_he/e2e-onboard-ai/OVD-Onboard/LAE-DINO_Reprod/mmdetection_lae/mmdet/models/layers/positional_encoding.py:103: UserWarning: __floordiv__ is deprecated, and its behavior will change in a future version of pytorch. It currently rounds toward 0 (like the 'trunc' function NOT 'floor'). This results in incorrect rounding for negative values. To keep the current behavior, use torch.div(a, b, rounding_mode='trunc'), or for actual floor division, use torch.div(a, b, rounding_mode='floor').
  dim_t = self.temperature**(2 * (dim_t // 2) / self.num_feats)
/dss/dsshome1/07/di54rur/kim_he/e2e-onboard-ai/OVD-Onboard/LAE-DINO_Reprod/mmdetection_lae/mmdet/models/layers/transformer/utils.py:71: UserWarning: __floordiv__ is deprecated, and its behavior will change in a future version of pytorch. It currently rounds toward 0 (like the 'trunc' function NOT 'floor'). This results in incorrect rounding for negative values. To keep the current behavior, use torch.div(a, b, rounding_mode='trunc'), or for actual floor division, use torch.div(a, b, rounding_mode='floor').
  dim_t = temperature**(2 * (dim_t // 2) / num_feats)
/dss/dsshome1/07/di54rur/.conda/mamba/envs/lae/lib/python3.8/site-packages/mmcv/cnn/bricks/transformer.py:524: UserWarning: position encoding of key ismissing in MultiheadAttention.
  warnings.warn(f'position encoding of key is'
/dss/dsshome1/07/di54rur/kim_he/e2e-onboard-ai/OVD-Onboard/LAE-DINO_Reprod/mmdetection_lae/mmdet/models/dense_heads/lae_dino_head.py:428: UserWarning: __floordiv__ is deprecated, and its behavior will change in a future version of pytorch. It currently rounds toward 0 (like the 'trunc' function NOT 'floor'). This results in incorrect rounding for negative values. To keep the current behavior, use torch.div(a, b, rounding_mode='trunc'), or for actual floor division, use torch.div(a, b, rounding_mode='floor').
  bbox_index = indexes // num_classes
/dss/dsshome1/07/di54rur/kim_he/e2e-onboard-ai/OVD-Onboard/LAE-DINO_Reprod/mmdetection_lae/mmdet/models/detectors/lae_dino.py:545: UserWarning: To copy construct from a tensor, it is recommended to use sourceTensor.clone().detach() or sourceTensor.clone().detach().requires_grad_(True), rather than torch.tensor(sourceTensor).
  gt_labels.append(torch.tensor(new_gt_label).to(gt_label.device))
/dss/dsshome1/07/di54rur/kim_he/e2e-onboard-ai/OVD-Onboard/LAE-DINO_Reprod/mmdetection_lae/mmdet/models/layers/positional_encoding.py:103: UserWarning: __floordiv__ is deprecated, and its behavior will change in a future version of pytorch. It currently rounds toward 0 (like the 'trunc' function NOT 'floor'). This results in incorrect rounding for negative values. To keep the current behavior, use torch.div(a, b, rounding_mode='trunc'), or for actual floor division, use torch.div(a, b, rounding_mode='floor').
  dim_t = self.temperature**(2 * (dim_t // 2) / self.num_feats)
/dss/dsshome1/07/di54rur/kim_he/e2e-onboard-ai/OVD-Onboard/LAE-DINO_Reprod/mmdetection_lae/mmdet/models/layers/transformer/utils.py:71: UserWarning: __floordiv__ is deprecated, and its behavior will change in a future version of pytorch. It currently rounds toward 0 (like the 'trunc' function NOT 'floor'). This results in incorrect rounding for negative values. To keep the current behavior, use torch.div(a, b, rounding_mode='trunc'), or for actual floor division, use torch.div(a, b, rounding_mode='floor').
  dim_t = temperature**(2 * (dim_t // 2) / num_feats)
/dss/dsshome1/07/di54rur/.conda/mamba/envs/lae/lib/python3.8/site-packages/mmcv/cnn/bricks/transformer.py:524: UserWarning: position encoding of key ismissing in MultiheadAttention.
  warnings.warn(f'position encoding of key is'
/dss/dsshome1/07/di54rur/kim_he/e2e-onboard-ai/OVD-Onboard/LAE-DINO_Reprod/mmdetection_lae/mmdet/models/dense_heads/lae_dino_head.py:428: UserWarning: __floordiv__ is deprecated, and its behavior will change in a future version of pytorch. It currently rounds toward 0 (like the 'trunc' function NOT 'floor'). This results in incorrect rounding for negative values. To keep the current behavior, use torch.div(a, b, rounding_mode='trunc'), or for actual floor division, use torch.div(a, b, rounding_mode='floor').
  bbox_index = indexes // num_classes
/dss/dsshome1/07/di54rur/kim_he/e2e-onboard-ai/OVD-Onboard/LAE-DINO_Reprod/mmdetection_lae/mmdet/models/detectors/lae_dino.py:545: UserWarning: To copy construct from a tensor, it is recommended to use sourceTensor.clone().detach() or sourceTensor.clone().detach().requires_grad_(True), rather than torch.tensor(sourceTensor).
  gt_labels.append(torch.tensor(new_gt_label).to(gt_label.device))
/dss/dsshome1/07/di54rur/kim_he/e2e-onboard-ai/OVD-Onboard/LAE-DINO_Reprod/mmdetection_lae/mmdet/models/layers/positional_encoding.py:103: UserWarning: __floordiv__ is deprecated, and its behavior will change in a future version of pytorch. It currently rounds toward 0 (like the 'trunc' function NOT 'floor'). This results in incorrect rounding for negative values. To keep the current behavior, use torch.div(a, b, rounding_mode='trunc'), or for actual floor division, use torch.div(a, b, rounding_mode='floor').
  dim_t = self.temperature**(2 * (dim_t // 2) / self.num_feats)
/dss/dsshome1/07/di54rur/kim_he/e2e-onboard-ai/OVD-Onboard/LAE-DINO_Reprod/mmdetection_lae/mmdet/models/layers/transformer/utils.py:71: UserWarning: __floordiv__ is deprecated, and its behavior will change in a future version of pytorch. It currently rounds toward 0 (like the 'trunc' function NOT 'floor'). This results in incorrect rounding for negative values. To keep the current behavior, use torch.div(a, b, rounding_mode='trunc'), or for actual floor division, use torch.div(a, b, rounding_mode='floor').
  dim_t = temperature**(2 * (dim_t // 2) / num_feats)
/dss/dsshome1/07/di54rur/.conda/mamba/envs/lae/lib/python3.8/site-packages/mmcv/cnn/bricks/transformer.py:524: UserWarning: position encoding of key ismissing in MultiheadAttention.
  warnings.warn(f'position encoding of key is'
/dss/dsshome1/07/di54rur/kim_he/e2e-onboard-ai/OVD-Onboard/LAE-DINO_Reprod/mmdetection_lae/mmdet/models/dense_heads/lae_dino_head.py:428: UserWarning: __floordiv__ is deprecated, and its behavior will change in a future version of pytorch. It currently rounds toward 0 (like the 'trunc' function NOT 'floor'). This results in incorrect rounding for negative values. To keep the current behavior, use torch.div(a, b, rounding_mode='trunc'), or for actual floor division, use torch.div(a, b, rounding_mode='floor').
  bbox_index = indexes // num_classes
/dss/dsshome1/07/di54rur/.conda/mamba/envs/lae/lib/python3.8/site-packages/torch/distributed/launch.py:178: FutureWarning: The module torch.distributed.launch is deprecated
and will be removed in future. Use torchrun.
Note that --use_env is set by default in torchrun.
If your script expects `--local_rank` argument to be set, please
change it to read from `os.environ['LOCAL_RANK']` instead. See 
https://pytorch.org/docs/stable/distributed.html#launch-utility for 
further instructions

  warnings.warn(
