/dss/dsshome1/07/di54rur/.conda/mamba/envs/lae/lib/python3.8/site-packages/mmengine/utils/dl_utils/setup_env.py:56: UserWarning: Setting MKL_NUM_THREADS environment variable for each process to be 1 in default, to avoid your system being overloaded, please further tune the variable for optimal performance in your application as needed.
  warnings.warn(
/dss/dsshome1/07/di54rur/.conda/mamba/envs/lae/lib/python3.8/site-packages/mmengine/utils/dl_utils/setup_env.py:56: UserWarning: Setting MKL_NUM_THREADS environment variable for each process to be 1 in default, to avoid your system being overloaded, please further tune the variable for optimal performance in your application as needed.
  warnings.warn(
/dss/dsshome1/07/di54rur/.conda/mamba/envs/lae/lib/python3.8/site-packages/mmengine/utils/dl_utils/setup_env.py:56: UserWarning: Setting MKL_NUM_THREADS environment variable for each process to be 1 in default, to avoid your system being overloaded, please further tune the variable for optimal performance in your application as needed.
  warnings.warn(
/dss/dsshome1/07/di54rur/.conda/mamba/envs/lae/lib/python3.8/site-packages/mmengine/utils/dl_utils/setup_env.py:56: UserWarning: Setting MKL_NUM_THREADS environment variable for each process to be 1 in default, to avoid your system being overloaded, please further tune the variable for optimal performance in your application as needed.
  warnings.warn(
/dss/dsshome1/07/di54rur/kim_he/e2e-onboard-ai/OVD-Onboard/LAE-DINO_Reprod/mmdetection_lae/mmdet/models/detectors/lae_dino.py:530: UserWarning: To copy construct from a tensor, it is recommended to use sourceTensor.clone().detach() or sourceTensor.clone().detach().requires_grad_(True), rather than torch.tensor(sourceTensor).
  gt_labels.append(torch.tensor(new_gt_label).to(gt_label.device))
/dss/dsshome1/07/di54rur/kim_he/e2e-onboard-ai/OVD-Onboard/LAE-DINO_Reprod/mmdetection_lae/mmdet/models/detectors/lae_dino.py:530: UserWarning: To copy construct from a tensor, it is recommended to use sourceTensor.clone().detach() or sourceTensor.clone().detach().requires_grad_(True), rather than torch.tensor(sourceTensor).
  gt_labels.append(torch.tensor(new_gt_label).to(gt_label.device))
/dss/dsshome1/07/di54rur/kim_he/e2e-onboard-ai/OVD-Onboard/LAE-DINO_Reprod/mmdetection_lae/mmdet/models/detectors/lae_dino.py:530: UserWarning: To copy construct from a tensor, it is recommended to use sourceTensor.clone().detach() or sourceTensor.clone().detach().requires_grad_(True), rather than torch.tensor(sourceTensor).
  gt_labels.append(torch.tensor(new_gt_label).to(gt_label.device))
/dss/dsshome1/07/di54rur/kim_he/e2e-onboard-ai/OVD-Onboard/LAE-DINO_Reprod/mmdetection_lae/mmdet/models/detectors/lae_dino.py:530: UserWarning: To copy construct from a tensor, it is recommended to use sourceTensor.clone().detach() or sourceTensor.clone().detach().requires_grad_(True), rather than torch.tensor(sourceTensor).
  gt_labels.append(torch.tensor(new_gt_label).to(gt_label.device))
/dss/dsshome1/07/di54rur/kim_he/e2e-onboard-ai/OVD-Onboard/LAE-DINO_Reprod/mmdetection_lae/mmdet/models/layers/positional_encoding.py:103: UserWarning: __floordiv__ is deprecated, and its behavior will change in a future version of pytorch. It currently rounds toward 0 (like the 'trunc' function NOT 'floor'). This results in incorrect rounding for negative values. To keep the current behavior, use torch.div(a, b, rounding_mode='trunc'), or for actual floor division, use torch.div(a, b, rounding_mode='floor').
  dim_t = self.temperature**(2 * (dim_t // 2) / self.num_feats)
/dss/dsshome1/07/di54rur/kim_he/e2e-onboard-ai/OVD-Onboard/LAE-DINO_Reprod/mmdetection_lae/mmdet/models/layers/positional_encoding.py:103: UserWarning: __floordiv__ is deprecated, and its behavior will change in a future version of pytorch. It currently rounds toward 0 (like the 'trunc' function NOT 'floor'). This results in incorrect rounding for negative values. To keep the current behavior, use torch.div(a, b, rounding_mode='trunc'), or for actual floor division, use torch.div(a, b, rounding_mode='floor').
  dim_t = self.temperature**(2 * (dim_t // 2) / self.num_feats)
/dss/dsshome1/07/di54rur/kim_he/e2e-onboard-ai/OVD-Onboard/LAE-DINO_Reprod/mmdetection_lae/mmdet/models/layers/positional_encoding.py:103: UserWarning: __floordiv__ is deprecated, and its behavior will change in a future version of pytorch. It currently rounds toward 0 (like the 'trunc' function NOT 'floor'). This results in incorrect rounding for negative values. To keep the current behavior, use torch.div(a, b, rounding_mode='trunc'), or for actual floor division, use torch.div(a, b, rounding_mode='floor').
  dim_t = self.temperature**(2 * (dim_t // 2) / self.num_feats)
/dss/dsshome1/07/di54rur/kim_he/e2e-onboard-ai/OVD-Onboard/LAE-DINO_Reprod/mmdetection_lae/mmdet/models/layers/positional_encoding.py:103: UserWarning: __floordiv__ is deprecated, and its behavior will change in a future version of pytorch. It currently rounds toward 0 (like the 'trunc' function NOT 'floor'). This results in incorrect rounding for negative values. To keep the current behavior, use torch.div(a, b, rounding_mode='trunc'), or for actual floor division, use torch.div(a, b, rounding_mode='floor').
  dim_t = self.temperature**(2 * (dim_t // 2) / self.num_feats)
/dss/dsshome1/07/di54rur/.conda/mamba/envs/lae/lib/python3.8/site-packages/torch/functional.py:445: UserWarning: torch.meshgrid: in an upcoming release, it will be required to pass the indexing argument. (Triggered internally at  ../aten/src/ATen/native/TensorShape.cpp:2157.)
  return _VF.meshgrid(tensors, **kwargs)  # type: ignore[attr-defined]
/dss/dsshome1/07/di54rur/.conda/mamba/envs/lae/lib/python3.8/site-packages/torch/functional.py:445: UserWarning: torch.meshgrid: in an upcoming release, it will be required to pass the indexing argument. (Triggered internally at  ../aten/src/ATen/native/TensorShape.cpp:2157.)
  return _VF.meshgrid(tensors, **kwargs)  # type: ignore[attr-defined]
/dss/dsshome1/07/di54rur/.conda/mamba/envs/lae/lib/python3.8/site-packages/torch/functional.py:445: UserWarning: torch.meshgrid: in an upcoming release, it will be required to pass the indexing argument. (Triggered internally at  ../aten/src/ATen/native/TensorShape.cpp:2157.)
  return _VF.meshgrid(tensors, **kwargs)  # type: ignore[attr-defined]
/dss/dsshome1/07/di54rur/.conda/mamba/envs/lae/lib/python3.8/site-packages/torch/functional.py:445: UserWarning: torch.meshgrid: in an upcoming release, it will be required to pass the indexing argument. (Triggered internally at  ../aten/src/ATen/native/TensorShape.cpp:2157.)
  return _VF.meshgrid(tensors, **kwargs)  # type: ignore[attr-defined]
/dss/dsshome1/07/di54rur/kim_he/e2e-onboard-ai/OVD-Onboard/LAE-DINO_Reprod/mmdetection_lae/mmdet/models/layers/transformer/utils.py:71: UserWarning: __floordiv__ is deprecated, and its behavior will change in a future version of pytorch. It currently rounds toward 0 (like the 'trunc' function NOT 'floor'). This results in incorrect rounding for negative values. To keep the current behavior, use torch.div(a, b, rounding_mode='trunc'), or for actual floor division, use torch.div(a, b, rounding_mode='floor').
  dim_t = temperature**(2 * (dim_t // 2) / num_feats)
/dss/dsshome1/07/di54rur/kim_he/e2e-onboard-ai/OVD-Onboard/LAE-DINO_Reprod/mmdetection_lae/mmdet/models/layers/transformer/utils.py:71: UserWarning: __floordiv__ is deprecated, and its behavior will change in a future version of pytorch. It currently rounds toward 0 (like the 'trunc' function NOT 'floor'). This results in incorrect rounding for negative values. To keep the current behavior, use torch.div(a, b, rounding_mode='trunc'), or for actual floor division, use torch.div(a, b, rounding_mode='floor').
  dim_t = temperature**(2 * (dim_t // 2) / num_feats)
/dss/dsshome1/07/di54rur/.conda/mamba/envs/lae/lib/python3.8/site-packages/mmcv/cnn/bricks/transformer.py:524: UserWarning: position encoding of key ismissing in MultiheadAttention.
  warnings.warn(f'position encoding of key is'
/dss/dsshome1/07/di54rur/.conda/mamba/envs/lae/lib/python3.8/site-packages/mmcv/cnn/bricks/transformer.py:524: UserWarning: position encoding of key ismissing in MultiheadAttention.
  warnings.warn(f'position encoding of key is'
/dss/dsshome1/07/di54rur/kim_he/e2e-onboard-ai/OVD-Onboard/LAE-DINO_Reprod/mmdetection_lae/mmdet/models/layers/transformer/utils.py:71: UserWarning: __floordiv__ is deprecated, and its behavior will change in a future version of pytorch. It currently rounds toward 0 (like the 'trunc' function NOT 'floor'). This results in incorrect rounding for negative values. To keep the current behavior, use torch.div(a, b, rounding_mode='trunc'), or for actual floor division, use torch.div(a, b, rounding_mode='floor').
  dim_t = temperature**(2 * (dim_t // 2) / num_feats)
/dss/dsshome1/07/di54rur/.conda/mamba/envs/lae/lib/python3.8/site-packages/mmcv/cnn/bricks/transformer.py:524: UserWarning: position encoding of key ismissing in MultiheadAttention.
  warnings.warn(f'position encoding of key is'
/dss/dsshome1/07/di54rur/kim_he/e2e-onboard-ai/OVD-Onboard/LAE-DINO_Reprod/mmdetection_lae/mmdet/models/layers/transformer/utils.py:71: UserWarning: __floordiv__ is deprecated, and its behavior will change in a future version of pytorch. It currently rounds toward 0 (like the 'trunc' function NOT 'floor'). This results in incorrect rounding for negative values. To keep the current behavior, use torch.div(a, b, rounding_mode='trunc'), or for actual floor division, use torch.div(a, b, rounding_mode='floor').
  dim_t = temperature**(2 * (dim_t // 2) / num_feats)
/dss/dsshome1/07/di54rur/.conda/mamba/envs/lae/lib/python3.8/site-packages/mmcv/cnn/bricks/transformer.py:524: UserWarning: position encoding of key ismissing in MultiheadAttention.
  warnings.warn(f'position encoding of key is'
/dss/dsshome1/07/di54rur/kim_he/e2e-onboard-ai/OVD-Onboard/LAE-DINO_Reprod/mmdetection_lae/mmdet/models/dense_heads/lae_dino_head.py:428: UserWarning: __floordiv__ is deprecated, and its behavior will change in a future version of pytorch. It currently rounds toward 0 (like the 'trunc' function NOT 'floor'). This results in incorrect rounding for negative values. To keep the current behavior, use torch.div(a, b, rounding_mode='trunc'), or for actual floor division, use torch.div(a, b, rounding_mode='floor').
  bbox_index = indexes // num_classes
/dss/dsshome1/07/di54rur/kim_he/e2e-onboard-ai/OVD-Onboard/LAE-DINO_Reprod/mmdetection_lae/mmdet/models/dense_heads/lae_dino_head.py:428: UserWarning: __floordiv__ is deprecated, and its behavior will change in a future version of pytorch. It currently rounds toward 0 (like the 'trunc' function NOT 'floor'). This results in incorrect rounding for negative values. To keep the current behavior, use torch.div(a, b, rounding_mode='trunc'), or for actual floor division, use torch.div(a, b, rounding_mode='floor').
  bbox_index = indexes // num_classes
/dss/dsshome1/07/di54rur/kim_he/e2e-onboard-ai/OVD-Onboard/LAE-DINO_Reprod/mmdetection_lae/mmdet/models/dense_heads/lae_dino_head.py:428: UserWarning: __floordiv__ is deprecated, and its behavior will change in a future version of pytorch. It currently rounds toward 0 (like the 'trunc' function NOT 'floor'). This results in incorrect rounding for negative values. To keep the current behavior, use torch.div(a, b, rounding_mode='trunc'), or for actual floor division, use torch.div(a, b, rounding_mode='floor').
  bbox_index = indexes // num_classes
/dss/dsshome1/07/di54rur/kim_he/e2e-onboard-ai/OVD-Onboard/LAE-DINO_Reprod/mmdetection_lae/mmdet/models/layers/positional_encoding.py:103: UserWarning: __floordiv__ is deprecated, and its behavior will change in a future version of pytorch. It currently rounds toward 0 (like the 'trunc' function NOT 'floor'). This results in incorrect rounding for negative values. To keep the current behavior, use torch.div(a, b, rounding_mode='trunc'), or for actual floor division, use torch.div(a, b, rounding_mode='floor').
  dim_t = self.temperature**(2 * (dim_t // 2) / self.num_feats)
/dss/dsshome1/07/di54rur/kim_he/e2e-onboard-ai/OVD-Onboard/LAE-DINO_Reprod/mmdetection_lae/mmdet/models/layers/transformer/utils.py:71: UserWarning: __floordiv__ is deprecated, and its behavior will change in a future version of pytorch. It currently rounds toward 0 (like the 'trunc' function NOT 'floor'). This results in incorrect rounding for negative values. To keep the current behavior, use torch.div(a, b, rounding_mode='trunc'), or for actual floor division, use torch.div(a, b, rounding_mode='floor').
  dim_t = temperature**(2 * (dim_t // 2) / num_feats)
/dss/dsshome1/07/di54rur/.conda/mamba/envs/lae/lib/python3.8/site-packages/mmcv/cnn/bricks/transformer.py:524: UserWarning: position encoding of key ismissing in MultiheadAttention.
  warnings.warn(f'position encoding of key is'
/dss/dsshome1/07/di54rur/kim_he/e2e-onboard-ai/OVD-Onboard/LAE-DINO_Reprod/mmdetection_lae/mmdet/models/dense_heads/lae_dino_head.py:428: UserWarning: __floordiv__ is deprecated, and its behavior will change in a future version of pytorch. It currently rounds toward 0 (like the 'trunc' function NOT 'floor'). This results in incorrect rounding for negative values. To keep the current behavior, use torch.div(a, b, rounding_mode='trunc'), or for actual floor division, use torch.div(a, b, rounding_mode='floor').
  bbox_index = indexes // num_classes
/dss/dsshome1/07/di54rur/kim_he/e2e-onboard-ai/OVD-Onboard/LAE-DINO_Reprod/mmdetection_lae/mmdet/models/detectors/lae_dino.py:530: UserWarning: To copy construct from a tensor, it is recommended to use sourceTensor.clone().detach() or sourceTensor.clone().detach().requires_grad_(True), rather than torch.tensor(sourceTensor).
  gt_labels.append(torch.tensor(new_gt_label).to(gt_label.device))
/dss/dsshome1/07/di54rur/kim_he/e2e-onboard-ai/OVD-Onboard/LAE-DINO_Reprod/mmdetection_lae/mmdet/models/layers/positional_encoding.py:103: UserWarning: __floordiv__ is deprecated, and its behavior will change in a future version of pytorch. It currently rounds toward 0 (like the 'trunc' function NOT 'floor'). This results in incorrect rounding for negative values. To keep the current behavior, use torch.div(a, b, rounding_mode='trunc'), or for actual floor division, use torch.div(a, b, rounding_mode='floor').
  dim_t = self.temperature**(2 * (dim_t // 2) / self.num_feats)
/dss/dsshome1/07/di54rur/kim_he/e2e-onboard-ai/OVD-Onboard/LAE-DINO_Reprod/mmdetection_lae/mmdet/models/layers/transformer/utils.py:71: UserWarning: __floordiv__ is deprecated, and its behavior will change in a future version of pytorch. It currently rounds toward 0 (like the 'trunc' function NOT 'floor'). This results in incorrect rounding for negative values. To keep the current behavior, use torch.div(a, b, rounding_mode='trunc'), or for actual floor division, use torch.div(a, b, rounding_mode='floor').
  dim_t = temperature**(2 * (dim_t // 2) / num_feats)
/dss/dsshome1/07/di54rur/.conda/mamba/envs/lae/lib/python3.8/site-packages/mmcv/cnn/bricks/transformer.py:524: UserWarning: position encoding of key ismissing in MultiheadAttention.
  warnings.warn(f'position encoding of key is'
/dss/dsshome1/07/di54rur/kim_he/e2e-onboard-ai/OVD-Onboard/LAE-DINO_Reprod/mmdetection_lae/mmdet/models/dense_heads/lae_dino_head.py:428: UserWarning: __floordiv__ is deprecated, and its behavior will change in a future version of pytorch. It currently rounds toward 0 (like the 'trunc' function NOT 'floor'). This results in incorrect rounding for negative values. To keep the current behavior, use torch.div(a, b, rounding_mode='trunc'), or for actual floor division, use torch.div(a, b, rounding_mode='floor').
  bbox_index = indexes // num_classes
/dss/dsshome1/07/di54rur/kim_he/e2e-onboard-ai/OVD-Onboard/LAE-DINO_Reprod/mmdetection_lae/mmdet/models/detectors/lae_dino.py:530: UserWarning: To copy construct from a tensor, it is recommended to use sourceTensor.clone().detach() or sourceTensor.clone().detach().requires_grad_(True), rather than torch.tensor(sourceTensor).
  gt_labels.append(torch.tensor(new_gt_label).to(gt_label.device))
/dss/dsshome1/07/di54rur/kim_he/e2e-onboard-ai/OVD-Onboard/LAE-DINO_Reprod/mmdetection_lae/mmdet/models/layers/positional_encoding.py:103: UserWarning: __floordiv__ is deprecated, and its behavior will change in a future version of pytorch. It currently rounds toward 0 (like the 'trunc' function NOT 'floor'). This results in incorrect rounding for negative values. To keep the current behavior, use torch.div(a, b, rounding_mode='trunc'), or for actual floor division, use torch.div(a, b, rounding_mode='floor').
  dim_t = self.temperature**(2 * (dim_t // 2) / self.num_feats)
/dss/dsshome1/07/di54rur/kim_he/e2e-onboard-ai/OVD-Onboard/LAE-DINO_Reprod/mmdetection_lae/mmdet/models/layers/transformer/utils.py:71: UserWarning: __floordiv__ is deprecated, and its behavior will change in a future version of pytorch. It currently rounds toward 0 (like the 'trunc' function NOT 'floor'). This results in incorrect rounding for negative values. To keep the current behavior, use torch.div(a, b, rounding_mode='trunc'), or for actual floor division, use torch.div(a, b, rounding_mode='floor').
  dim_t = temperature**(2 * (dim_t // 2) / num_feats)
/dss/dsshome1/07/di54rur/.conda/mamba/envs/lae/lib/python3.8/site-packages/mmcv/cnn/bricks/transformer.py:524: UserWarning: position encoding of key ismissing in MultiheadAttention.
  warnings.warn(f'position encoding of key is'
/dss/dsshome1/07/di54rur/kim_he/e2e-onboard-ai/OVD-Onboard/LAE-DINO_Reprod/mmdetection_lae/mmdet/models/dense_heads/lae_dino_head.py:428: UserWarning: __floordiv__ is deprecated, and its behavior will change in a future version of pytorch. It currently rounds toward 0 (like the 'trunc' function NOT 'floor'). This results in incorrect rounding for negative values. To keep the current behavior, use torch.div(a, b, rounding_mode='trunc'), or for actual floor division, use torch.div(a, b, rounding_mode='floor').
  bbox_index = indexes // num_classes
/dss/dsshome1/07/di54rur/kim_he/e2e-onboard-ai/OVD-Onboard/LAE-DINO_Reprod/mmdetection_lae/mmdet/models/detectors/lae_dino.py:530: UserWarning: To copy construct from a tensor, it is recommended to use sourceTensor.clone().detach() or sourceTensor.clone().detach().requires_grad_(True), rather than torch.tensor(sourceTensor).
  gt_labels.append(torch.tensor(new_gt_label).to(gt_label.device))
/dss/dsshome1/07/di54rur/kim_he/e2e-onboard-ai/OVD-Onboard/LAE-DINO_Reprod/mmdetection_lae/mmdet/models/layers/positional_encoding.py:103: UserWarning: __floordiv__ is deprecated, and its behavior will change in a future version of pytorch. It currently rounds toward 0 (like the 'trunc' function NOT 'floor'). This results in incorrect rounding for negative values. To keep the current behavior, use torch.div(a, b, rounding_mode='trunc'), or for actual floor division, use torch.div(a, b, rounding_mode='floor').
  dim_t = self.temperature**(2 * (dim_t // 2) / self.num_feats)
/dss/dsshome1/07/di54rur/kim_he/e2e-onboard-ai/OVD-Onboard/LAE-DINO_Reprod/mmdetection_lae/mmdet/models/layers/transformer/utils.py:71: UserWarning: __floordiv__ is deprecated, and its behavior will change in a future version of pytorch. It currently rounds toward 0 (like the 'trunc' function NOT 'floor'). This results in incorrect rounding for negative values. To keep the current behavior, use torch.div(a, b, rounding_mode='trunc'), or for actual floor division, use torch.div(a, b, rounding_mode='floor').
  dim_t = temperature**(2 * (dim_t // 2) / num_feats)
/dss/dsshome1/07/di54rur/.conda/mamba/envs/lae/lib/python3.8/site-packages/mmcv/cnn/bricks/transformer.py:524: UserWarning: position encoding of key ismissing in MultiheadAttention.
  warnings.warn(f'position encoding of key is'
/dss/dsshome1/07/di54rur/kim_he/e2e-onboard-ai/OVD-Onboard/LAE-DINO_Reprod/mmdetection_lae/mmdet/models/dense_heads/lae_dino_head.py:428: UserWarning: __floordiv__ is deprecated, and its behavior will change in a future version of pytorch. It currently rounds toward 0 (like the 'trunc' function NOT 'floor'). This results in incorrect rounding for negative values. To keep the current behavior, use torch.div(a, b, rounding_mode='trunc'), or for actual floor division, use torch.div(a, b, rounding_mode='floor').
  bbox_index = indexes // num_classes
/dss/dsshome1/07/di54rur/kim_he/e2e-onboard-ai/OVD-Onboard/LAE-DINO_Reprod/mmdetection_lae/mmdet/models/detectors/lae_dino.py:530: UserWarning: To copy construct from a tensor, it is recommended to use sourceTensor.clone().detach() or sourceTensor.clone().detach().requires_grad_(True), rather than torch.tensor(sourceTensor).
  gt_labels.append(torch.tensor(new_gt_label).to(gt_label.device))
/dss/dsshome1/07/di54rur/kim_he/e2e-onboard-ai/OVD-Onboard/LAE-DINO_Reprod/mmdetection_lae/mmdet/models/layers/positional_encoding.py:103: UserWarning: __floordiv__ is deprecated, and its behavior will change in a future version of pytorch. It currently rounds toward 0 (like the 'trunc' function NOT 'floor'). This results in incorrect rounding for negative values. To keep the current behavior, use torch.div(a, b, rounding_mode='trunc'), or for actual floor division, use torch.div(a, b, rounding_mode='floor').
  dim_t = self.temperature**(2 * (dim_t // 2) / self.num_feats)
/dss/dsshome1/07/di54rur/kim_he/e2e-onboard-ai/OVD-Onboard/LAE-DINO_Reprod/mmdetection_lae/mmdet/models/layers/transformer/utils.py:71: UserWarning: __floordiv__ is deprecated, and its behavior will change in a future version of pytorch. It currently rounds toward 0 (like the 'trunc' function NOT 'floor'). This results in incorrect rounding for negative values. To keep the current behavior, use torch.div(a, b, rounding_mode='trunc'), or for actual floor division, use torch.div(a, b, rounding_mode='floor').
  dim_t = temperature**(2 * (dim_t // 2) / num_feats)
/dss/dsshome1/07/di54rur/.conda/mamba/envs/lae/lib/python3.8/site-packages/mmcv/cnn/bricks/transformer.py:524: UserWarning: position encoding of key ismissing in MultiheadAttention.
  warnings.warn(f'position encoding of key is'
/dss/dsshome1/07/di54rur/kim_he/e2e-onboard-ai/OVD-Onboard/LAE-DINO_Reprod/mmdetection_lae/mmdet/models/dense_heads/lae_dino_head.py:428: UserWarning: __floordiv__ is deprecated, and its behavior will change in a future version of pytorch. It currently rounds toward 0 (like the 'trunc' function NOT 'floor'). This results in incorrect rounding for negative values. To keep the current behavior, use torch.div(a, b, rounding_mode='trunc'), or for actual floor division, use torch.div(a, b, rounding_mode='floor').
  bbox_index = indexes // num_classes
/dss/dsshome1/07/di54rur/kim_he/e2e-onboard-ai/OVD-Onboard/LAE-DINO_Reprod/mmdetection_lae/mmdet/models/detectors/lae_dino.py:530: UserWarning: To copy construct from a tensor, it is recommended to use sourceTensor.clone().detach() or sourceTensor.clone().detach().requires_grad_(True), rather than torch.tensor(sourceTensor).
  gt_labels.append(torch.tensor(new_gt_label).to(gt_label.device))
/dss/dsshome1/07/di54rur/kim_he/e2e-onboard-ai/OVD-Onboard/LAE-DINO_Reprod/mmdetection_lae/mmdet/models/layers/positional_encoding.py:103: UserWarning: __floordiv__ is deprecated, and its behavior will change in a future version of pytorch. It currently rounds toward 0 (like the 'trunc' function NOT 'floor'). This results in incorrect rounding for negative values. To keep the current behavior, use torch.div(a, b, rounding_mode='trunc'), or for actual floor division, use torch.div(a, b, rounding_mode='floor').
  dim_t = self.temperature**(2 * (dim_t // 2) / self.num_feats)
/dss/dsshome1/07/di54rur/kim_he/e2e-onboard-ai/OVD-Onboard/LAE-DINO_Reprod/mmdetection_lae/mmdet/models/layers/transformer/utils.py:71: UserWarning: __floordiv__ is deprecated, and its behavior will change in a future version of pytorch. It currently rounds toward 0 (like the 'trunc' function NOT 'floor'). This results in incorrect rounding for negative values. To keep the current behavior, use torch.div(a, b, rounding_mode='trunc'), or for actual floor division, use torch.div(a, b, rounding_mode='floor').
  dim_t = temperature**(2 * (dim_t // 2) / num_feats)
/dss/dsshome1/07/di54rur/.conda/mamba/envs/lae/lib/python3.8/site-packages/mmcv/cnn/bricks/transformer.py:524: UserWarning: position encoding of key ismissing in MultiheadAttention.
  warnings.warn(f'position encoding of key is'
/dss/dsshome1/07/di54rur/kim_he/e2e-onboard-ai/OVD-Onboard/LAE-DINO_Reprod/mmdetection_lae/mmdet/models/dense_heads/lae_dino_head.py:428: UserWarning: __floordiv__ is deprecated, and its behavior will change in a future version of pytorch. It currently rounds toward 0 (like the 'trunc' function NOT 'floor'). This results in incorrect rounding for negative values. To keep the current behavior, use torch.div(a, b, rounding_mode='trunc'), or for actual floor division, use torch.div(a, b, rounding_mode='floor').
  bbox_index = indexes // num_classes
/dss/dsshome1/07/di54rur/kim_he/e2e-onboard-ai/OVD-Onboard/LAE-DINO_Reprod/mmdetection_lae/mmdet/models/detectors/lae_dino.py:530: UserWarning: To copy construct from a tensor, it is recommended to use sourceTensor.clone().detach() or sourceTensor.clone().detach().requires_grad_(True), rather than torch.tensor(sourceTensor).
  gt_labels.append(torch.tensor(new_gt_label).to(gt_label.device))
/dss/dsshome1/07/di54rur/kim_he/e2e-onboard-ai/OVD-Onboard/LAE-DINO_Reprod/mmdetection_lae/mmdet/models/layers/positional_encoding.py:103: UserWarning: __floordiv__ is deprecated, and its behavior will change in a future version of pytorch. It currently rounds toward 0 (like the 'trunc' function NOT 'floor'). This results in incorrect rounding for negative values. To keep the current behavior, use torch.div(a, b, rounding_mode='trunc'), or for actual floor division, use torch.div(a, b, rounding_mode='floor').
  dim_t = self.temperature**(2 * (dim_t // 2) / self.num_feats)
/dss/dsshome1/07/di54rur/kim_he/e2e-onboard-ai/OVD-Onboard/LAE-DINO_Reprod/mmdetection_lae/mmdet/models/layers/transformer/utils.py:71: UserWarning: __floordiv__ is deprecated, and its behavior will change in a future version of pytorch. It currently rounds toward 0 (like the 'trunc' function NOT 'floor'). This results in incorrect rounding for negative values. To keep the current behavior, use torch.div(a, b, rounding_mode='trunc'), or for actual floor division, use torch.div(a, b, rounding_mode='floor').
  dim_t = temperature**(2 * (dim_t // 2) / num_feats)
/dss/dsshome1/07/di54rur/.conda/mamba/envs/lae/lib/python3.8/site-packages/mmcv/cnn/bricks/transformer.py:524: UserWarning: position encoding of key ismissing in MultiheadAttention.
  warnings.warn(f'position encoding of key is'
/dss/dsshome1/07/di54rur/kim_he/e2e-onboard-ai/OVD-Onboard/LAE-DINO_Reprod/mmdetection_lae/mmdet/models/dense_heads/lae_dino_head.py:428: UserWarning: __floordiv__ is deprecated, and its behavior will change in a future version of pytorch. It currently rounds toward 0 (like the 'trunc' function NOT 'floor'). This results in incorrect rounding for negative values. To keep the current behavior, use torch.div(a, b, rounding_mode='trunc'), or for actual floor division, use torch.div(a, b, rounding_mode='floor').
  bbox_index = indexes // num_classes
/dss/dsshome1/07/di54rur/kim_he/e2e-onboard-ai/OVD-Onboard/LAE-DINO_Reprod/mmdetection_lae/mmdet/models/detectors/lae_dino.py:530: UserWarning: To copy construct from a tensor, it is recommended to use sourceTensor.clone().detach() or sourceTensor.clone().detach().requires_grad_(True), rather than torch.tensor(sourceTensor).
  gt_labels.append(torch.tensor(new_gt_label).to(gt_label.device))
/dss/dsshome1/07/di54rur/kim_he/e2e-onboard-ai/OVD-Onboard/LAE-DINO_Reprod/mmdetection_lae/mmdet/models/layers/positional_encoding.py:103: UserWarning: __floordiv__ is deprecated, and its behavior will change in a future version of pytorch. It currently rounds toward 0 (like the 'trunc' function NOT 'floor'). This results in incorrect rounding for negative values. To keep the current behavior, use torch.div(a, b, rounding_mode='trunc'), or for actual floor division, use torch.div(a, b, rounding_mode='floor').
  dim_t = self.temperature**(2 * (dim_t // 2) / self.num_feats)
/dss/dsshome1/07/di54rur/kim_he/e2e-onboard-ai/OVD-Onboard/LAE-DINO_Reprod/mmdetection_lae/mmdet/models/layers/transformer/utils.py:71: UserWarning: __floordiv__ is deprecated, and its behavior will change in a future version of pytorch. It currently rounds toward 0 (like the 'trunc' function NOT 'floor'). This results in incorrect rounding for negative values. To keep the current behavior, use torch.div(a, b, rounding_mode='trunc'), or for actual floor division, use torch.div(a, b, rounding_mode='floor').
  dim_t = temperature**(2 * (dim_t // 2) / num_feats)
/dss/dsshome1/07/di54rur/.conda/mamba/envs/lae/lib/python3.8/site-packages/mmcv/cnn/bricks/transformer.py:524: UserWarning: position encoding of key ismissing in MultiheadAttention.
  warnings.warn(f'position encoding of key is'
/dss/dsshome1/07/di54rur/kim_he/e2e-onboard-ai/OVD-Onboard/LAE-DINO_Reprod/mmdetection_lae/mmdet/models/dense_heads/lae_dino_head.py:428: UserWarning: __floordiv__ is deprecated, and its behavior will change in a future version of pytorch. It currently rounds toward 0 (like the 'trunc' function NOT 'floor'). This results in incorrect rounding for negative values. To keep the current behavior, use torch.div(a, b, rounding_mode='trunc'), or for actual floor division, use torch.div(a, b, rounding_mode='floor').
  bbox_index = indexes // num_classes
/dss/dsshome1/07/di54rur/kim_he/e2e-onboard-ai/OVD-Onboard/LAE-DINO_Reprod/mmdetection_lae/mmdet/models/detectors/lae_dino.py:530: UserWarning: To copy construct from a tensor, it is recommended to use sourceTensor.clone().detach() or sourceTensor.clone().detach().requires_grad_(True), rather than torch.tensor(sourceTensor).
  gt_labels.append(torch.tensor(new_gt_label).to(gt_label.device))
/dss/dsshome1/07/di54rur/kim_he/e2e-onboard-ai/OVD-Onboard/LAE-DINO_Reprod/mmdetection_lae/mmdet/models/layers/positional_encoding.py:103: UserWarning: __floordiv__ is deprecated, and its behavior will change in a future version of pytorch. It currently rounds toward 0 (like the 'trunc' function NOT 'floor'). This results in incorrect rounding for negative values. To keep the current behavior, use torch.div(a, b, rounding_mode='trunc'), or for actual floor division, use torch.div(a, b, rounding_mode='floor').
  dim_t = self.temperature**(2 * (dim_t // 2) / self.num_feats)
/dss/dsshome1/07/di54rur/kim_he/e2e-onboard-ai/OVD-Onboard/LAE-DINO_Reprod/mmdetection_lae/mmdet/models/layers/transformer/utils.py:71: UserWarning: __floordiv__ is deprecated, and its behavior will change in a future version of pytorch. It currently rounds toward 0 (like the 'trunc' function NOT 'floor'). This results in incorrect rounding for negative values. To keep the current behavior, use torch.div(a, b, rounding_mode='trunc'), or for actual floor division, use torch.div(a, b, rounding_mode='floor').
  dim_t = temperature**(2 * (dim_t // 2) / num_feats)
/dss/dsshome1/07/di54rur/.conda/mamba/envs/lae/lib/python3.8/site-packages/mmcv/cnn/bricks/transformer.py:524: UserWarning: position encoding of key ismissing in MultiheadAttention.
  warnings.warn(f'position encoding of key is'
/dss/dsshome1/07/di54rur/kim_he/e2e-onboard-ai/OVD-Onboard/LAE-DINO_Reprod/mmdetection_lae/mmdet/models/dense_heads/lae_dino_head.py:428: UserWarning: __floordiv__ is deprecated, and its behavior will change in a future version of pytorch. It currently rounds toward 0 (like the 'trunc' function NOT 'floor'). This results in incorrect rounding for negative values. To keep the current behavior, use torch.div(a, b, rounding_mode='trunc'), or for actual floor division, use torch.div(a, b, rounding_mode='floor').
  bbox_index = indexes // num_classes
/dss/dsshome1/07/di54rur/kim_he/e2e-onboard-ai/OVD-Onboard/LAE-DINO_Reprod/mmdetection_lae/mmdet/models/detectors/lae_dino.py:530: UserWarning: To copy construct from a tensor, it is recommended to use sourceTensor.clone().detach() or sourceTensor.clone().detach().requires_grad_(True), rather than torch.tensor(sourceTensor).
  gt_labels.append(torch.tensor(new_gt_label).to(gt_label.device))
/dss/dsshome1/07/di54rur/kim_he/e2e-onboard-ai/OVD-Onboard/LAE-DINO_Reprod/mmdetection_lae/mmdet/models/layers/positional_encoding.py:103: UserWarning: __floordiv__ is deprecated, and its behavior will change in a future version of pytorch. It currently rounds toward 0 (like the 'trunc' function NOT 'floor'). This results in incorrect rounding for negative values. To keep the current behavior, use torch.div(a, b, rounding_mode='trunc'), or for actual floor division, use torch.div(a, b, rounding_mode='floor').
  dim_t = self.temperature**(2 * (dim_t // 2) / self.num_feats)
/dss/dsshome1/07/di54rur/kim_he/e2e-onboard-ai/OVD-Onboard/LAE-DINO_Reprod/mmdetection_lae/mmdet/models/layers/transformer/utils.py:71: UserWarning: __floordiv__ is deprecated, and its behavior will change in a future version of pytorch. It currently rounds toward 0 (like the 'trunc' function NOT 'floor'). This results in incorrect rounding for negative values. To keep the current behavior, use torch.div(a, b, rounding_mode='trunc'), or for actual floor division, use torch.div(a, b, rounding_mode='floor').
  dim_t = temperature**(2 * (dim_t // 2) / num_feats)
/dss/dsshome1/07/di54rur/.conda/mamba/envs/lae/lib/python3.8/site-packages/mmcv/cnn/bricks/transformer.py:524: UserWarning: position encoding of key ismissing in MultiheadAttention.
  warnings.warn(f'position encoding of key is'
/dss/dsshome1/07/di54rur/kim_he/e2e-onboard-ai/OVD-Onboard/LAE-DINO_Reprod/mmdetection_lae/mmdet/models/dense_heads/lae_dino_head.py:428: UserWarning: __floordiv__ is deprecated, and its behavior will change in a future version of pytorch. It currently rounds toward 0 (like the 'trunc' function NOT 'floor'). This results in incorrect rounding for negative values. To keep the current behavior, use torch.div(a, b, rounding_mode='trunc'), or for actual floor division, use torch.div(a, b, rounding_mode='floor').
  bbox_index = indexes // num_classes
/dss/dsshome1/07/di54rur/kim_he/e2e-onboard-ai/OVD-Onboard/LAE-DINO_Reprod/mmdetection_lae/mmdet/models/detectors/lae_dino.py:530: UserWarning: To copy construct from a tensor, it is recommended to use sourceTensor.clone().detach() or sourceTensor.clone().detach().requires_grad_(True), rather than torch.tensor(sourceTensor).
  gt_labels.append(torch.tensor(new_gt_label).to(gt_label.device))
Traceback (most recent call last):
  File "./tools/train.py", line 121, in <module>
    main()
  File "./tools/train.py", line 117, in main
    runner.train()
  File "/dss/dsshome1/07/di54rur/.conda/mamba/envs/lae/lib/python3.8/site-packages/mmengine/runner/runner.py", line 1777, in train
    model = self.train_loop.run()  # type: ignore
  File "/dss/dsshome1/07/di54rur/.conda/mamba/envs/lae/lib/python3.8/site-packages/mmengine/runner/loops.py", line 98, in run
    self.run_epoch()
  File "/dss/dsshome1/07/di54rur/.conda/mamba/envs/lae/lib/python3.8/site-packages/mmengine/runner/loops.py", line 115, in run_epoch
    self.run_iter(idx, data_batch)
  File "/dss/dsshome1/07/di54rur/.conda/mamba/envs/lae/lib/python3.8/site-packages/mmengine/runner/loops.py", line 131, in run_iter
    outputs = self.runner.model.train_step(
  File "/dss/dsshome1/07/di54rur/.conda/mamba/envs/lae/lib/python3.8/site-packages/mmengine/model/wrappers/distributed.py", line 123, in train_step
    optim_wrapper.update_params(parsed_loss)
  File "/dss/dsshome1/07/di54rur/.conda/mamba/envs/lae/lib/python3.8/site-packages/mmengine/optim/optimizer/optimizer_wrapper.py", line 201, in update_params
    self.step(**step_kwargs)
  File "/dss/dsshome1/07/di54rur/.conda/mamba/envs/lae/lib/python3.8/site-packages/mmengine/optim/scheduler/param_scheduler.py", line 115, in wrapper
    return wrapped(*args, **kwargs)
  File "/dss/dsshome1/07/di54rur/.conda/mamba/envs/lae/lib/python3.8/site-packages/mmengine/optim/optimizer/optimizer_wrapper.py", line 253, in step
    self.optimizer.step(**kwargs)
  File "/dss/dsshome1/07/di54rur/.conda/mamba/envs/lae/lib/python3.8/site-packages/torch/optim/optimizer.py", line 88, in wrapper
    return func(*args, **kwargs)
  File "/dss/dsshome1/07/di54rur/.conda/mamba/envs/lae/lib/python3.8/site-packages/torch/autograd/grad_mode.py", line 28, in decorate_context
    return func(*args, **kwargs)
  File "/dss/dsshome1/07/di54rur/.conda/mamba/envs/lae/lib/python3.8/site-packages/torch/optim/adamw.py", line 137, in step
    F.adamw(params_with_grad,
  File "/dss/dsshome1/07/di54rur/.conda/mamba/envs/lae/lib/python3.8/site-packages/torch/optim/_functional.py", line 132, in adamw
    exp_avg_sq.mul_(beta2).addcmul_(grad, grad, value=1 - beta2)
RuntimeError: CUDA error: unknown error
CUDA kernel errors might be asynchronously reported at some other API call,so the stacktrace below might be incorrect.
For debugging consider passing CUDA_LAUNCH_BLOCKING=1.
terminate called after throwing an instance of 'c10::CUDAError'
  what():  CUDA error: unknown error
CUDA kernel errors might be asynchronously reported at some other API call,so the stacktrace below might be incorrect.
For debugging consider passing CUDA_LAUNCH_BLOCKING=1.
Exception raised from query at ../aten/src/ATen/cuda/CUDAEvent.h:95 (most recent call first):
frame #0: c10::Error::Error(c10::SourceLocation, std::string) + 0x42 (0x147b0e439d62 in /dss/dsshome1/07/di54rur/.conda/mamba/envs/lae/lib/python3.8/site-packages/torch/lib/libc10.so)
frame #1: c10d::ProcessGroupNCCL::WorkNCCL::finishedGPUExecutionInternal() const + 0x11a (0x147b6bc8c12a in /dss/dsshome1/07/di54rur/.conda/mamba/envs/lae/lib/python3.8/site-packages/torch/lib/libtorch_cuda_cpp.so)
frame #2: c10d::ProcessGroupNCCL::WorkNCCL::isCompleted() + 0x50 (0x147b6bc8e420 in /dss/dsshome1/07/di54rur/.conda/mamba/envs/lae/lib/python3.8/site-packages/torch/lib/libtorch_cuda_cpp.so)
frame #3: c10d::ProcessGroupNCCL::workCleanupLoop() + 0x11c (0x147b6bc8eeec in /dss/dsshome1/07/di54rur/.conda/mamba/envs/lae/lib/python3.8/site-packages/torch/lib/libtorch_cuda_cpp.so)
frame #4: <unknown function> + 0xe8964 (0x147bd7494964 in /usr/lib64/libstdc++.so.6)
frame #5: <unknown function> + 0xa760c (0x147bdcf6c60c in /lib64/libc.so.6)
frame #6: <unknown function> + 0x12eaa8 (0x147bdcff3aa8 in /lib64/libc.so.6)

/dss/dsshome1/07/di54rur/.conda/mamba/envs/lae/lib/python3.8/site-packages/torch/distributed/launch.py:178: FutureWarning: The module torch.distributed.launch is deprecated
and will be removed in future. Use torchrun.
Note that --use_env is set by default in torchrun.
If your script expects `--local_rank` argument to be set, please
change it to read from `os.environ['LOCAL_RANK']` instead. See 
https://pytorch.org/docs/stable/distributed.html#launch-utility for 
further instructions

  warnings.warn(
WARNING:torch.distributed.elastic.multiprocessing.api:Sending process 97184 closing signal SIGTERM
WARNING:torch.distributed.elastic.multiprocessing.api:Sending process 97185 closing signal SIGTERM
WARNING:torch.distributed.elastic.multiprocessing.api:Sending process 97187 closing signal SIGTERM
ERROR:torch.distributed.elastic.multiprocessing.api:failed (exitcode: -6) local_rank: 2 (pid: 97186) of binary: /dss/dsshome1/07/di54rur/.conda/mamba/envs/lae/bin/python
Traceback (most recent call last):
  File "/dss/dsshome1/07/di54rur/.conda/mamba/envs/lae/lib/python3.8/runpy.py", line 194, in _run_module_as_main
    return _run_code(code, main_globals, None,
  File "/dss/dsshome1/07/di54rur/.conda/mamba/envs/lae/lib/python3.8/runpy.py", line 87, in _run_code
    exec(code, run_globals)
  File "/dss/dsshome1/07/di54rur/.conda/mamba/envs/lae/lib/python3.8/site-packages/torch/distributed/launch.py", line 193, in <module>
    main()
  File "/dss/dsshome1/07/di54rur/.conda/mamba/envs/lae/lib/python3.8/site-packages/torch/distributed/launch.py", line 189, in main
    launch(args)
  File "/dss/dsshome1/07/di54rur/.conda/mamba/envs/lae/lib/python3.8/site-packages/torch/distributed/launch.py", line 174, in launch
    run(args)
  File "/dss/dsshome1/07/di54rur/.conda/mamba/envs/lae/lib/python3.8/site-packages/torch/distributed/run.py", line 710, in run
    elastic_launch(
  File "/dss/dsshome1/07/di54rur/.conda/mamba/envs/lae/lib/python3.8/site-packages/torch/distributed/launcher/api.py", line 131, in __call__
    return launch_agent(self._config, self._entrypoint, list(args))
  File "/dss/dsshome1/07/di54rur/.conda/mamba/envs/lae/lib/python3.8/site-packages/torch/distributed/launcher/api.py", line 259, in launch_agent
    raise ChildFailedError(
torch.distributed.elastic.multiprocessing.errors.ChildFailedError: 
======================================================
./tools/train.py FAILED
------------------------------------------------------
Failures:
  <NO_OTHER_FAILURES>
------------------------------------------------------
Root Cause (first observed failure):
[0]:
  time      : 2026-08-03_20:59:51
  host      : hpdar04c01s02.cos.lrz.de
  rank      : 2 (local_rank: 2)
  exitcode  : -6 (pid: 97186)
  error_file: <N/A>
  traceback : Signal 6 (SIGABRT) received by PID 97186
======================================================
